Component: ARM Compiler 5.06 update 6 (build 750) Tool: armlink [4d35ed]

==============================================================================

Section Cross References

    beep.o(.text) refers to delay.o(.text) for Delay_ms
    led.o(.text) refers to os_time.o(.text) for OSTimeDly
    main.o(.text) refers to system.o(.text) for system_init
    stm32f4xx_it.o(.text) refers to delay.o(.text) for Delay_ms
    mpu6050.o(.text) refers to i2c.o(.text) for MPU_IIC_Start
    mpu6050.o(.text) refers to delay.o(.text) for Delay_ms
    mpu6050.o(.text) refers to dflti.o(.text) for __aeabi_i2d
    mpu6050.o(.text) refers to ddiv.o(.text) for __aeabi_ddiv
    mpu6050.o(.text) refers to dadd.o(.text) for __aeabi_dadd
    mpu6050.o(.text) refers to d2f.o(.text) for __aeabi_d2f
    mpu6050.o(.text) refers to mpu6050.o(.data) for SENSER_OFFSET_FLAG
    mpu6050.o(.text) refers to mpu6050.o(.bss) for mpu6050_buff
    mpu6050.o(.text) refers to filt.o(.text) for SortAver_FilterXYZ
    mpu6050.o(.text) refers to memcpya.o(.text) for __aeabi_memcpy4
    mpu6050.o(.text) refers to mpu6050.o(.constdata) for .constdata
    mpu6050.o(.text) refers to f2d.o(.text) for __aeabi_f2d
    mpu6050.o(.text) refers to asin.o(i.__hardfp_asin) for __hardfp_asin
    mpu6050.o(.text) refers to dmul.o(.text) for __aeabi_dmul
    mpu6050.o(.text) refers to atan2.o(i.__hardfp_atan2) for __hardfp_atan2
    spl06.o(.text) refers to i2c.o(.text) for MPU_IIC_Start
    spl06.o(.text) refers to delay.o(.text) for Delay_ms
    spl06.o(.text) refers to dfltui.o(.text) for __aeabi_ui2d
    spl06.o(.text) refers to dadd.o(.text) for __aeabi_dsub
    spl06.o(.text) refers to dfixi.o(.text) for __aeabi_d2iz
    spl06.o(.text) refers to dflti.o(.text) for __aeabi_i2d
    spl06.o(.text) refers to f2d.o(.text) for __aeabi_f2d
    spl06.o(.text) refers to dmul.o(.text) for __aeabi_dmul
    spl06.o(.text) refers to d2f.o(.text) for __aeabi_d2f
    tim4.o(.text) refers to stm32f4xx_rcc.o(.text) for RCC_APB1PeriphClockCmd
    tim4.o(.text) refers to stm32f4xx_tim.o(.text) for TIM_TimeBaseInit
    tim4.o(.text) refers to misc.o(.text) for NVIC_Init
    i2c.o(.text) refers to delay.o(.text) for Delay_us
    i2c.o(.text) refers to stm32f4xx_rcc.o(.text) for RCC_AHB1PeriphClockCmd
    i2c.o(.text) refers to stm32f4xx_gpio.o(.text) for GPIO_Init
    filt.o(.text) refers to filt.o(.data) for cnt
    filt.o(.text) refers to filt.o(.bss) for buf
    system.o(.text) refers to i2c.o(.text) for MPU_IIC_Init
    system.o(.text) refers to mpu6050.o(.text) for MPU_Init
    system.o(.text) refers to delay.o(.text) for Delay_us
    system.o(.text) refers to mpu6050.o(.bss) for anglt_real
    stm32f4xx_can.o(.text) refers to stm32f4xx_rcc.o(.text) for RCC_APB1PeriphResetCmd
    stm32f4xx_gpio.o(.text) refers to stm32f4xx_rcc.o(.text) for RCC_AHB1PeriphResetCmd
    stm32f4xx_rcc.o(.text) refers to stm32f4xx_rcc.o(.data) for APBAHBPrescTable
    stm32f4xx_tim.o(.text) refers to stm32f4xx_rcc.o(.text) for RCC_APB2PeriphResetCmd
    stm32f4xx_usart.o(.text) refers to stm32f4xx_rcc.o(.text) for RCC_APB2PeriphResetCmd
    stm32f4xx_adc.o(.text) refers to stm32f4xx_rcc.o(.text) for RCC_APB2PeriphResetCmd
    stm32f4xx_cryp.o(.text) refers to stm32f4xx_rcc.o(.text) for RCC_AHB2PeriphResetCmd
    stm32f4xx_cryp_aes.o(.text) refers to stm32f4xx_cryp.o(.text) for CRYP_KeyStructInit
    stm32f4xx_cryp_des.o(.text) refers to stm32f4xx_cryp.o(.text) for CRYP_KeyStructInit
    stm32f4xx_cryp_tdes.o(.text) refers to stm32f4xx_cryp.o(.text) for CRYP_KeyStructInit
    stm32f4xx_dac.o(.text) refers to stm32f4xx_rcc.o(.text) for RCC_APB1PeriphResetCmd
    stm32f4xx_hash.o(.text) refers to stm32f4xx_rcc.o(.text) for RCC_AHB2PeriphResetCmd
    stm32f4xx_hash_md5.o(.text) refers to stm32f4xx_hash.o(.text) for HASH_DeInit
    stm32f4xx_hash_sha1.o(.text) refers to stm32f4xx_hash.o(.text) for HASH_DeInit
    stm32f4xx_i2c.o(.text) refers to stm32f4xx_rcc.o(.text) for RCC_APB1PeriphResetCmd
    stm32f4xx_pwr.o(.text) refers to stm32f4xx_rcc.o(.text) for RCC_APB1PeriphResetCmd
    stm32f4xx_rng.o(.text) refers to stm32f4xx_rcc.o(.text) for RCC_AHB2PeriphResetCmd
    stm32f4xx_sdio.o(.text) refers to stm32f4xx_rcc.o(.text) for RCC_APB2PeriphResetCmd
    stm32f4xx_spi.o(.text) refers to stm32f4xx_rcc.o(.text) for RCC_APB2PeriphResetCmd
    stm32f4xx_syscfg.o(.text) refers to stm32f4xx_rcc.o(.text) for RCC_APB2PeriphResetCmd
    stm32f4xx_wwdg.o(.text) refers to stm32f4xx_rcc.o(.text) for RCC_APB1PeriphResetCmd
    system_stm32f4xx.o(.text) refers to system_stm32f4xx.o(.data) for SystemCoreClock
    startup_stm32f4xx.o(RESET) refers to startup_stm32f4xx.o(STACK) for __initial_sp
    startup_stm32f4xx.o(RESET) refers to startup_stm32f4xx.o(.text) for Reset_Handler
    startup_stm32f4xx.o(RESET) refers to stm32f4xx_it.o(.text) for NMI_Handler
    startup_stm32f4xx.o(RESET) refers to os_cpu_a.o(.text) for PendSV_Handler
    startup_stm32f4xx.o(RESET) refers to os_cpu_c.o(.text) for SysTick_Handler
[...]
    sqrt_x.o(i.__sqrt$lsc) refers to errno.o(i.__set_errno) for __set_errno
    sqrt_x.o(i.__sqrt$lsc) refers to dsqrt.o(.text) for _dsqrt
    entry2.o(.ARM.Collect$$$$00000001) refers to entry2.o(.ARM.Collect$$$$00002712) for __lit__00000000
    entry2.o(.ARM.Collect$$$$00002712) refers to startup_stm32f4xx.o(STACK) for __initial_sp
    entry2.o(__vectab_stack_and_reset_area) refers to startup_stm32f4xx.o(STACK) for __initial_sp
    entry2.o(__vectab_stack_and_reset_area) refers to entry.o(.ARM.Collect$$$$00000000) for __main
    entry5.o(.ARM.Collect$$$$00000004) refers to init.o(.text) for __scatterload
    entry9a.o(.ARM.Collect$$$$0000000B) refers to main.o(.text) for main
    entry9b.o(.ARM.Collect$$$$0000000C) refers to main.o(.text) for main
    errno.o(i.__aeabi_errno_addr) refers to errno.o(.data) for .data
    errno.o(i.__read_errno) refers to errno.o(.data) for .data
    errno.o(i.__set_errno) refers to errno.o(.data) for .data
    depilogue.o(.text) refers to llshl.o(.text) for __aeabi_llsl
    depilogue.o(.text) refers to llushr.o(.text) for __aeabi_llsr
    init.o(.text) refers to entry5.o(.ARM.Collect$$$$00000004) for __main_after_scatterload
    dsqrt.o(.text) refers to llushr.o(.text) for __aeabi_llsr
    dsqrt.o(.text) refers to depilogue.o(.text) for _double_round


==============================================================================

Removing Unused input sections from the image.

    Removing beep.o(.rev16_text), (4 bytes).
    Removing beep.o(.revsh_text), (4 bytes).
    Removing beep.o(.rrx_text), (6 bytes).
    Removing beep.o(.text), (52 bytes).
    Removing delay.o(.rev16_text), (4 bytes).
    Removing delay.o(.revsh_text), (4 bytes).
    Removing delay.o(.rrx_text), (6 bytes).
    Removing led.o(.rev16_text), (4 bytes).
    Removing led.o(.revsh_text), (4 bytes).
    Removing led.o(.rrx_text), (6 bytes).
    Removing led.o(.text), (220 bytes).
    Removing main.o(.rev16_text), (4 bytes).
    Removing main.o(.revsh_text), (4 bytes).
    Removing main.o(.rrx_text), (6 bytes).
    Removing stm32f4xx_it.o(.rev16_text), (4 bytes).
    Removing stm32f4xx_it.o(.revsh_text), (4 bytes).
    Removing stm32f4xx_it.o(.rrx_text), (6 bytes).
    Removing mpu6050.o(.rev16_text), (4 bytes).
    Removing mpu6050.o(.revsh_text), (4 bytes).
    Removing mpu6050.o(.rrx_text), (6 bytes).
    Removing pwm.o(.rev16_text), (4 bytes).
    Removing pwm.o(.revsh_text), (4 bytes).
    Removing pwm.o(.rrx_text), (6 bytes).
    Removing spl06.o(.rev16_text), (4 bytes).
    Removing spl06.o(.revsh_text), (4 bytes).
    Removing spl06.o(.rrx_text), (6 bytes).
    Removing spl06.o(.text), (1268 bytes).
    Removing tim4.o(.rev16_text), (4 bytes).
    Removing tim4.o(.revsh_text), (4 bytes).
    Removing tim4.o(.rrx_text), (6 bytes).
    Removing tim4.o(.text), (100 bytes).
    Removing i2c.o(.rev16_text), (4 bytes).
    Removing i2c.o(.revsh_text), (4 bytes).
    Removing i2c.o(.rrx_text), (6 bytes).
    Removing filt.o(.rev16_text), (4 bytes).
    Removing filt.o(.revsh_text), (4 bytes).
    Removing filt.o(.rrx_text), (6 bytes).
    Removing system.o(.rev16_text), (4 bytes).
    Removing system.o(.revsh_text), (4 bytes).
    Removing system.o(.rrx_text), (6 bytes).
    Removing misc.o(.rev16_text), (4 bytes).
    Removing misc.o(.revsh_text), (4 bytes).
    Removing misc.o(.rrx_text), (6 bytes).
    Removing misc.o(.text), (224 bytes).
    Removing stm32f4xx_can.o(.rev16_text), (4 bytes).
    Removing stm32f4xx_can.o(.revsh_text), (4 bytes).
    Removing stm32f4xx_can.o(.rrx_text), (6 bytes).
    Removing stm32f4xx_can.o(.text), (2544 bytes).
    Removing stm32f4xx_dma.o(.rev16_text), (4 bytes).
    Removing stm32f4xx_dma.o(.revsh_text), (4 bytes).
    Removing stm32f4xx_dma.o(.rrx_text), (6 bytes).
    Removing stm32f4xx_dma.o(.text), (936 bytes).
    Removing stm32f4xx_exti.o(.rev16_text), (4 bytes).
    Removing stm32f4xx_exti.o(.revsh_text), (4 bytes).
    Removing stm32f4xx_exti.o(.rrx_text), (6 bytes).
    Removing stm32f4xx_exti.o(.text), (284 bytes).
    Removing stm32f4xx_gpio.o(.rev16_text), (4 bytes).
    Removing stm32f4xx_gpio.o(.revsh_text), (4 bytes).
    Removing stm32f4xx_gpio.o(.rrx_text), (6 bytes).
    Removing stm32f4xx_rcc.o(.rev16_text), (4 bytes).
    Removing stm32f4xx_rcc.o(.revsh_text), (4 bytes).
    Removing stm32f4xx_rcc.o(.rrx_text), (6 bytes).
    Removing stm32f4xx_tim.o(.rev16_text), (4 bytes).
    Removing stm32f4xx_tim.o(.revsh_text), (4 bytes).
    Removing stm32f4xx_tim.o(.rrx_text), (6 bytes).
    Removing stm32f4xx_tim.o(.text), (3234 bytes).
    Removing stm32f4xx_usart.o(.rev16_text), (4 bytes).
    Removing stm32f4xx_usart.o(.revsh_text), (4 bytes).
    Removing stm32f4xx_usart.o(.rrx_text), (6 bytes).
    Removing stm32f4xx_usart.o(.text), (1050 bytes).
    Removing stm32f4xx_adc.o(.rev16_text), (4 bytes).
    Removing stm32f4xx_adc.o(.revsh_text), (4 bytes).
    Removing stm32f4xx_adc.o(.rrx_text), (6 bytes).
    Removing stm32f4xx_adc.o(.text), (1124 bytes).
    Removing stm32f4xx_crc.o(.rev16_text), (4 bytes).
    Removing stm32f4xx_crc.o(.revsh_text), (4 bytes).
    Removing stm32f4xx_crc.o(.rrx_text), (6 bytes).
    Removing stm32f4xx_crc.o(.text), (72 bytes).
    Removing stm32f4xx_cryp.o(.rev16_text), (4 bytes).
    Removing stm32f4xx_cryp.o(.revsh_text), (4 bytes).
    Removing stm32f4xx_cryp.o(.rrx_text), (6 bytes).
    Removing stm32f4xx_cryp.o(.text), (660 bytes).
    Removing stm32f4xx_cryp_aes.o(.rev16_text), (4 bytes).
    Removing stm32f4xx_cryp_aes.o(.revsh_text), (4 bytes).
    Removing stm32f4xx_cryp_aes.o(.rrx_text), (6 bytes).
    Removing stm32f4xx_cryp_aes.o(.text), (1524 bytes).
    Removing stm32f4xx_cryp_des.o(.rev16_text), (4 bytes).
    Removing stm32f4xx_cryp_des.o(.revsh_text), (4 bytes).
    Removing stm32f4xx_cryp_des.o(.rrx_text), (6 bytes).
    Removing stm32f4xx_cryp_des.o(.text), (468 bytes).
    Removing stm32f4xx_cryp_tdes.o(.rev16_text), (4 bytes).
    Removing stm32f4xx_cryp_tdes.o(.revsh_text), (4 bytes).
    Removing stm32f4xx_cryp_tdes.o(.rrx_text), (6 bytes).
    Removing stm32f4xx_cryp_tdes.o(.text), (532 bytes).
    Removing stm32f4xx_dac.o(.rev16_text), (4 bytes).
    Removing stm32f4xx_dac.o(.revsh_text), (4 bytes).
    Removing stm32f4xx_dac.o(.rrx_text), (6 bytes).
    Removing stm32f4xx_dac.o(.text), (528 bytes).
    Removing stm32f4xx_dbgmcu.o(.rev16_text), (4 bytes).
    Removing stm32f4xx_dbgmcu.o(.revsh_text), (4 bytes).
    Removing stm32f4xx_dbgmcu.o(.rrx_text), (6 bytes).
    Removing stm32f4xx_dbgmcu.o(.text), (100 bytes).
    Removing stm32f4xx_dcmi.o(.rev16_text), (4 bytes).
    Removing stm32f4xx_dcmi.o(.revsh_text), (4 bytes).
    Removing stm32f4xx_dcmi.o(.rrx_text), (6 bytes).
    Removing stm32f4xx_dcmi.o(.text), (396 bytes).
    Removing stm32f4xx_flash.o(.rev16_text), (4 bytes).
    Removing stm32f4xx_flash.o(.revsh_text), (4 bytes).
    Removing stm32f4xx_flash.o(.rrx_text), (6 bytes).
    Removing stm32f4xx_flash.o(.text), (1212 bytes).
    Removing stm32f4xx_fsmc.o(.rev16_text), (4 bytes).
    Removing stm32f4xx_fsmc.o(.revsh_text), (4 bytes).
    Removing stm32f4xx_fsmc.o(.rrx_text), (6 bytes).
    Removing stm32f4xx_fsmc.o(.text), (1544 bytes).
    Removing stm32f4xx_hash.o(.rev16_text), (4 bytes).
    Removing stm32f4xx_hash.o(.revsh_text), (4 bytes).
    Removing stm32f4xx_hash.o(.rrx_text), (6 bytes).
    Removing stm32f4xx_hash.o(.text), (496 bytes).
    Removing stm32f4xx_hash_md5.o(.rev16_text), (4 bytes).
    Removing stm32f4xx_hash_md5.o(.revsh_text), (4 bytes).
    Removing stm32f4xx_hash_md5.o(.rrx_text), (6 bytes).
    Removing stm32f4xx_hash_md5.o(.text), (534 bytes).
    Removing stm32f4xx_hash_sha1.o(.rev16_text), (4 bytes).
    Removing stm32f4xx_hash_sha1.o(.revsh_text), (4 bytes).
    Removing stm32f4xx_hash_sha1.o(.rrx_text), (6 bytes).
    Removing stm32f4xx_hash_sha1.o(.text), (548 bytes).
    Removing stm32f4xx_i2c.o(.rev16_text), (4 bytes).
    Removing stm32f4xx_i2c.o(.revsh_text), (4 bytes).
    Removing stm32f4xx_i2c.o(.rrx_text), (6 bytes).
    Removing stm32f4xx_i2c.o(.text), (1064 bytes).
    Removing stm32f4xx_iwdg.o(.rev16_text), (4 bytes).
    Removing stm32f4xx_iwdg.o(.revsh_text), (4 bytes).
    Removing stm32f4xx_iwdg.o(.rrx_text), (6 bytes).
    Removing stm32f4xx_iwdg.o(.text), (64 bytes).
    Removing stm32f4xx_pwr.o(.rev16_text), (4 bytes).
    Removing stm32f4xx_pwr.o(.revsh_text), (4 bytes).
    Removing stm32f4xx_pwr.o(.rrx_text), (6 bytes).
    Removing stm32f4xx_pwr.o(.text), (248 bytes).
    Removing stm32f4xx_rng.o(.rev16_text), (4 bytes).
    Removing stm32f4xx_rng.o(.revsh_text), (4 bytes).
    Removing stm32f4xx_rng.o(.rrx_text), (6 bytes).
    Removing stm32f4xx_rng.o(.text), (160 bytes).
    Removing stm32f4xx_rtc.o(.rev16_text), (4 bytes).
    Removing stm32f4xx_rtc.o(.revsh_text), (4 bytes).
    Removing stm32f4xx_rtc.o(.rrx_text), (6 bytes).
    Removing stm32f4xx_rtc.o(.text), (3432 bytes).
    Removing stm32f4xx_sdio.o(.rev16_text), (4 bytes).
    Removing stm32f4xx_sdio.o(.revsh_text), (4 bytes).
    Removing stm32f4xx_sdio.o(.rrx_text), (6 bytes).
    Removing stm32f4xx_sdio.o(.text), (476 bytes).
    Removing stm32f4xx_spi.o(.rev16_text), (4 bytes).
    Removing stm32f4xx_spi.o(.revsh_text), (4 bytes).
    Removing stm32f4xx_spi.o(.rrx_text), (6 bytes).
    Removing stm32f4xx_spi.o(.text), (1016 bytes).
    Removing stm32f4xx_syscfg.o(.rev16_text), (4 bytes).
    Removing stm32f4xx_syscfg.o(.revsh_text), (4 bytes).
    Removing stm32f4xx_syscfg.o(.rrx_text), (6 bytes).
    Removing stm32f4xx_syscfg.o(.text), (140 bytes).
    Removing stm32f4xx_wwdg.o(.rev16_text), (4 bytes).
    Removing stm32f4xx_wwdg.o(.revsh_text), (4 bytes).
    Removing stm32f4xx_wwdg.o(.rrx_text), (6 bytes).
    Removing stm32f4xx_wwdg.o(.text), (144 bytes).
    Removing system_stm32f4xx.o(.rev16_text), (4 bytes).
    Removing system_stm32f4xx.o(.revsh_text), (4 bytes).
    Removing system_stm32f4xx.o(.rrx_text), (6 bytes).
    Removing startup_stm32f4xx.o(HEAP), (10240 bytes).
    Removing os_mbox.o(.text), (972 bytes).
    Removing os_mutex.o(.text), (1584 bytes).
    Removing os_sem.o(.text), (908 bytes).
    Removing os_cpu_c.o(.rev16_text), (4 bytes).
    Removing os_cpu_c.o(.revsh_text), (4 bytes).
    Removing os_cpu_c.o(.rrx_text), (6 bytes).
    Removing os_dbg.o(.constdata), (2 bytes).
    Removing dneg.o(.text), (6 bytes).
    Removing dfltui.o(.text), (26 bytes).
    Removing dfixi.o(.text), (62 bytes).
    Removing cdcmple.o(.text), (48 bytes).

177 unused section(s) (total 40872 bytes) removed from the image.

==============================================================================

Image Symbol Table

    Local Symbols

    Symbol Name                              Value     Ov Type        Size  Object(Section)

    ../clib/microlib/errno.c                 0x00000000   Number         0  errno.o ABSOLUTE
    ../clib/microlib/init/entry.s            0x00000000   Number         0  entry.o ABSOLUTE
    ../clib/microlib/init/entry.s            0x00000000   Number         0  entry10a.o ABSOLUTE
    ../clib/microlib/init/entry.s            0x00000000   Number         0  entry2.o ABSOLUTE
    ../clib/microlib/init/entry.s            0x00000000   Number         0  entry10b.o ABSOLUTE
    ../clib/microlib/init/entry.s            0x00000000   Number         0  entry8b.o ABSOLUTE
    ../clib/microlib/init/entry.s            0x00000000   Number         0  entry11a.o ABSOLUTE
    ../clib/microlib/init/entry.s            0x00000000   Number         0  entry11b.o ABSOLUTE
    ../clib/microlib/init/entry.s            0x00000000   Number         0  entry9a.o ABSOLUTE
    ../clib/microlib/init/entry.s            0x00000000   Number         0  entry9b.o ABSOLUTE
    ../clib/microlib/init/entry.s            0x00000000   Number         0  entry7b.o ABSOLUTE
    ../clib/microlib/init/entry.s            0x00000000   Number         0  entry7a.o ABSOLUTE
    ../clib/microlib/init/entry.s            0x00000000   Number         0  entry8a.o ABSOLUTE
    ../clib/microlib/init/entry.s            0x00000000   Number         0  entry5.o ABSOLUTE
    ../clib/microlib/longlong.c              0x00000000   Number         0  llshl.o ABSOLUTE
    ../clib/microlib/longlong.c              0x00000000   Number         0  llushr.o ABSOLUTE
    ../clib/microlib/longlong.c              0x00000000   Number         0  llsshr.o ABSOLUTE
    ../clib/microlib/string/memcpy.c         0x00000000   Number         0  memcpyb.o ABSOLUTE
    ../clib/microlib/string/memcpy.c         0x00000000   Number         0  memcpya.o ABSOLUTE
    ../clib/microlib/stubs.s                 0x00000000   Number         0  iusefp.o ABSOLUTE
    ../fplib/microlib/d2f.c                  0x00000000   Number         0  d2f.o ABSOLUTE
    ../fplib/microlib/f2d.c                  0x00000000   Number         0  f2d.o ABSOLUTE
    ../fplib/microlib/fpadd.c                0x00000000   Number         0  dadd.o ABSOLUTE
    ../fplib/microlib/fpdiv.c                0x00000000   Number         0  ddiv.o ABSOLUTE
    ../fplib/microlib/fpepilogue.c           0x00000000   Number         0  fepilogue.o ABSOLUTE
    ../fplib/microlib/fpepilogue.c           0x00000000   Number         0  depilogue.o ABSOLUTE
    ../fplib/microlib/fpfix.c                0x00000000   Number         0  dfixi.o ABSOLUTE
    ../fplib/microlib/fpflt.c                0x00000000   Number         0  dflti.o ABSOLUTE
    ../fplib/microlib/fpflt.c                0x00000000   Number         0  dfltui.o ABSOLUTE
    ../fplib/microlib/fpmul.c                0x00000000   Number         0  dmul.o ABSOLUTE
    ../fplib/microlib/fpneg.c                0x00000000   Number         0  dneg.o ABSOLUTE
    ../fplib/microlib/fpsqrt.c               0x00000000   Number         0  dsqrt.o ABSOLUTE
    ../mathlib/asin.c                        0x00000000   Number         0  asin_x.o ABSOLUTE
    ../mathlib/asin.c                        0x00000000   Number         0  asin.o ABSOLUTE
    ../mathlib/atan.c                        0x00000000   Number         0  atan.o ABSOLUTE
    ../mathlib/atan.c                        0x00000000   Number         0  atan_x.o ABSOLUTE
    ../mathlib/atan2.c                       0x00000000   Number         0  atan2.o ABSOLUTE
    ../mathlib/atan2.c                       0x00000000   Number         0  atan2_x.o ABSOLUTE
    ../mathlib/dunder.c                      0x00000000   Number         0  dunder.o ABSOLUTE
    ../mathlib/fabs.c                        0x00000000   Number         0  fabs.o ABSOLUTE
    ../mathlib/fpclassify.c                  0x00000000   Number         0  fpclassify.o ABSOLUTE
    ../mathlib/poly.c                        0x00000000   Number         0  poly.o ABSOLUTE
    ../mathlib/qnan.c                        0x00000000   Number         0  qnan.o ABSOLUTE
    ../mathlib/sqrt.c                        0x00000000   Number         0  sqrt_x.o ABSOLUTE
    ../mathlib/sqrt.c                        0x00000000   Number         0  sqrt.o ABSOLUTE
    Libraries\CMSIS\system_stm32f4xx.c       0x00000000   Number         0  system_stm32f4xx.o ABSOLUTE
    Libraries\STM32F4xx_StdPeriph_Driver\src\misc.c 0x00000000   Number         0  misc.o ABSOLUTE
    Libraries\STM32F4xx_StdPeriph_Driver\src\stm32f4xx_adc.c 0x00000000   Number         0  stm32f4xx_adc.o ABSOLUTE
    Libraries\STM32F4xx_StdPeriph_Driver\src\stm32f4xx_can.c 0x00000000   Number         0  stm32f4xx_can.o ABSOLUTE
    Libraries\STM32F4xx_StdPeriph_Driver\src\stm32f4xx_crc.c 0x00000000   Number         0  stm32f4xx_crc.o ABSOLUTE
    Libraries\STM32F4xx_StdPeriph_Driver\src\stm32f4xx_cryp.c 0x00000000   Number         0  stm32f4xx_cryp.o ABSOLUTE
    Libraries\STM32F4xx_StdPeriph_Driver\src\stm32f4xx_cryp_aes.c 0x00000000   Number         0  stm32f4xx_cryp_aes.o ABSOLUTE
    Libraries\STM32F4xx_StdPeriph_Driver\src\stm32f4xx_cryp_des.c 0x00000000   Number         0  stm32f4xx_cryp_des.o ABSOLUTE
    Libraries\STM32F4xx_StdPeriph_Driver\src\stm32f4xx_cryp_tdes.c 0x00000000   Number         0  stm32f4xx_cryp_tdes.o ABSOLUTE
    Libraries\STM32F4xx_StdPeriph_Driver\src\stm32f4xx_dac.c 0x00000000   Number         0  stm32f4xx_dac.o ABSOLUTE
    Libraries\STM32F4xx_StdPeriph_Driver\src\stm32f4xx_dbgmcu.c 0x00000000   Number         0  stm32f4xx_dbgmcu.o ABSOLUTE
    Libraries\STM32F4xx_StdPeriph_Driver\src\stm32f4xx_dcmi.c 0x00000000   Number         0  stm32f4xx_dcmi.o ABSOLUTE
    Libraries\STM32F4xx_StdPeriph_Driver\src\stm32f4xx_dma.c 0x00000000   Number         0  stm32f4xx_dma.o ABSOLUTE
    Libraries\STM32F4xx_StdPeriph_Driver\src\stm32f4xx_exti.c 0x00000000   Number         0  stm32f4xx_exti.o ABSOLUTE
    Libraries\STM32F4xx_StdPeriph_Driver\src\stm32f4xx_flash.c 0x00000000   Number         0  stm32f4xx_flash.o ABSOLUTE
    Libraries\STM32F4xx_StdPeriph_Driver\src\stm32f4xx_fsmc.c 0x00000000   Number         0  stm32f4xx_fsmc.o ABSOLUTE
    Libraries\STM32F4xx_StdPeriph_Driver\src\stm32f4xx_gpio.c 0x00000000   Number         0  stm32f4xx_gpio.o ABSOLUTE
    Libraries\STM32F4xx_StdPeriph_Driver\src\stm32f4xx_hash.c 0x00000000   Number         0  stm32f4xx_hash.o ABSOLUTE
    Libraries\STM32F4xx_StdPeriph_Driver\src\stm32f4xx_hash_md5.c 0x00000000   Number         0  stm32f4xx_hash_md5.o ABSOLUTE
    Libraries\STM32F4xx_StdPeriph_Driver\src\stm32f4xx_hash_sha1.c 0x00000000   Number         0  stm32f4xx_hash_sha1.o ABSOLUTE
    Libraries\STM32F4xx_StdPeriph_Driver\src\stm32f4xx_i2c.c 0x00000000   Number         0  stm32f4xx_i2c.o ABSOLUTE
    Libraries\STM32F4xx_StdPeriph_Driver\src\stm32f4xx_iwdg.c 0x00000000   Number         0  stm32f4xx_iwdg.o ABSOLUTE
    Libraries\STM32F4xx_StdPeriph_Driver\src\stm32f4xx_pwr.c 0x00000000   Number         0  stm32f4xx_pwr.o ABSOLUTE
    Libraries\STM32F4xx_StdPeriph_Driver\src\stm32f4xx_rcc.c 0x00000000   Number         0  stm32f4xx_rcc.o ABSOLUTE
    Libraries\STM32F4xx_StdPeriph_Driver\src\stm32f4xx_rng.c 0x00000000   Number         0  stm32f4xx_rng.o ABSOLUTE
    Libraries\STM32F4xx_StdPeriph_Driver\src\stm32f4xx_rtc.c 0x00000000   Number         0  stm32f4xx_rtc.o ABSOLUTE
    Libraries\STM32F4xx_StdPeriph_Driver\src\stm32f4xx_sdio.c 0x00000000   Number         0  stm32f4xx_sdio.o ABSOLUTE
    Libraries\STM32F4xx_StdPeriph_Driver\src\stm32f4xx_spi.c 0x00000000   Number         0  stm32f4xx_spi.o ABSOLUTE
    Libraries\STM32F4xx_StdPeriph_Driver\src\stm32f4xx_syscfg.c 0x00000000   Number         0  stm32f4xx_syscfg.o ABSOLUTE
    Libraries\STM32F4xx_StdPeriph_Driver\src\stm32f4xx_tim.c 0x00000000   Number         0  stm32f4xx_tim.o ABSOLUTE
    Libraries\STM32F4xx_StdPeriph_Driver\src\stm32f4xx_usart.c 0x00000000   Number         0  stm32f4xx_usart.o ABSOLUTE
    Libraries\STM32F4xx_StdPeriph_Driver\src\stm32f4xx_wwdg.c 0x00000000   Number         0  stm32f4xx_wwdg.o ABSOLUTE
    Libraries\Startup\startup_stm32f4xx.s    0x00000000   Number         0  startup_stm32f4xx.o ABSOLUTE
    Libraries\\CMSIS\\system_stm32f4xx.c     0x00000000   Number         0  system_stm32f4xx.o ABSOLUTE
    Libraries\\STM32F4xx_StdPeriph_Driver\\src\\misc.c 0x00000000   Number         0  misc.o ABSOLUTE
    Libraries\\STM32F4xx_StdPeriph_Driver\\src\\stm32f4xx_adc.c 0x00000000   Number         0  stm32f4xx_adc.o ABSOLUTE
    Libraries\\STM32F4xx_StdPeriph_Driver\\src\\stm32f4xx_can.c 0x00000000   Number         0  stm32f4xx_can.o ABSOLUTE
    Libraries\\STM32F4xx_StdPeriph_Driver\\src\\stm32f4xx_crc.c 0x00000000   Number         0  stm32f4xx_crc.o ABSOLUTE
    Libraries\\STM32F4xx_StdPeriph_Driver\\src\\stm32f4xx_cryp.c 0x00000000   Number         0  stm32f4xx_cryp.o ABSOLUTE
    Libraries\\STM32F4xx_StdPeriph_Driver\\src\\stm32f4xx_cryp_aes.c 0x00000000   Number         0  stm32f4xx_cryp_aes.o ABSOLUTE
    Libraries\\STM32F4xx_StdPeriph_Driver\\src\\stm32f4xx_cryp_des.c 0x00000000   Number         0  stm32f4xx_cryp_des.o ABSOLUTE
    Libraries\\STM32F4xx_StdPeriph_Driver\\src\\stm32f4xx_cryp_tdes.c 0x00000000   Number         0  stm32f4xx_cryp_tdes.o ABSOLUTE
    Libraries\\STM32F4xx_StdPeriph_Driver\\src\\stm32f4xx_dac.c 0x00000000   Number         0  stm32f4xx_dac.o ABSOLUTE
    Libraries\\STM32F4xx_StdPeriph_Driver\\src\\stm32f4xx_dbgmcu.c 0x00000000   Number         0  stm32f4xx_dbgmcu.o ABSOLUTE
    Libraries\\STM32F4xx_StdPeriph_Driver\\src\\stm32f4xx_dcmi.c 0x00000000   Number         0  stm32f4xx_dcmi.o ABSOLUTE
    Libraries\\STM32F4xx_StdPeriph_Driver\\src\\stm32f4xx_dma.c 0x00000000   Number         0  stm32f4xx_dma.o ABSOLUTE
    Libraries\\STM32F4xx_StdPeriph_Driver\\src\\stm32f4xx_exti.c 0x00000000   Number         0  stm32f4xx_exti.o ABSOLUTE
    Libraries\\STM32F4xx_StdPeriph_Driver\\src\\stm32f4xx_flash.c 0x00000000   Number         0  stm32f4xx_flash.o ABSOLUTE
    Libraries\\STM32F4xx_StdPeriph_Driver\\src\\stm32f4xx_fsmc.c 0x00000000   Number         0  stm32f4xx_fsmc.o ABSOLUTE
    Libraries\\STM32F4xx_StdPeriph_Driver\\src\\stm32f4xx_gpio.c 0x00000000   Number         0  stm32f4xx_gpio.o ABSOLUTE
    Libraries\\STM32F4xx_StdPeriph_Driver\\src\\stm32f4xx_hash.c 0x00000000   Number         0  stm32f4xx_hash.o ABSOLUTE
    Libraries\\STM32F4xx_StdPeriph_Driver\\src\\stm32f4xx_hash_md5.c 0x00000000   Number         0  stm32f4xx_hash_md5.o ABSOLUTE
    Libraries\\STM32F4xx_StdPeriph_Driver\\src\\stm32f4xx_hash_sha1.c 0x00000000   Number         0  stm32f4xx_hash_sha1.o ABSOLUTE
    Libraries\\STM32F4xx_StdPeriph_Driver\\src\\stm32f4xx_i2c.c 0x00000000   Number         0  stm32f4xx_i2c.o ABSOLUTE
    Libraries\\STM32F4xx_StdPeriph_Driver\\src\\stm32f4xx_iwdg.c 0x00000000   Number         0  stm32f4xx_iwdg.o ABSOLUTE
    Libraries\\STM32F4xx_StdPeriph_Driver\\src\\stm32f4xx_pwr.c 0x00000000   Number         0  stm32f4xx_pwr.o ABSOLUTE
    Libraries\\STM32F4xx_StdPeriph_Driver\\src\\stm32f4xx_rcc.c 0x00000000   Number         0  stm32f4xx_rcc.o ABSOLUTE
    Libraries\\STM32F4xx_StdPeriph_Driver\\src\\stm32f4xx_rng.c 0x00000000   Number         0  stm32f4xx_rng.o ABSOLUTE
    Libraries\\STM32F4xx_StdPeriph_Driver\\src\\stm32f4xx_rtc.c 0x00000000   Number         0  stm32f4xx_rtc.o ABSOLUTE
    Libraries\\STM32F4xx_StdPeriph_Driver\\src\\stm32f4xx_sdio.c 0x00000000   Number         0  stm32f4xx_sdio.o ABSOLUTE
    Libraries\\STM32F4xx_StdPeriph_Driver\\src\\stm32f4xx_spi.c 0x00000000   Number         0  stm32f4xx_spi.o ABSOLUTE
    Libraries\\STM32F4xx_StdPeriph_Driver\\src\\stm32f4xx_syscfg.c 0x00000000   Number         0  stm32f4xx_syscfg.o ABSOLUTE
    Libraries\\STM32F4xx_StdPeriph_Driver\\src\\stm32f4xx_tim.c 0x00000000   Number         0  stm32f4xx_tim.o ABSOLUTE
    Libraries\\STM32F4xx_StdPeriph_Driver\\src\\stm32f4xx_usart.c 0x00000000   Number         0  stm32f4xx_usart.o ABSOLUTE
    Libraries\\STM32F4xx_StdPeriph_Driver\\src\\stm32f4xx_wwdg.c 0x00000000   Number         0  stm32f4xx_wwdg.o ABSOLUTE
    USER\SRC\beep.c                          0x00000000   Number         0  beep.o ABSOLUTE
    USER\SRC\delay.c                         0x00000000   Number         0  delay.o ABSOLUTE
    USER\SRC\filt.c                          0x00000000   Number         0  filt.o ABSOLUTE
    USER\SRC\i2c.c                           0x00000000   Number         0  i2c.o ABSOLUTE
    USER\SRC\led.c                           0x00000000   Number         0  led.o ABSOLUTE
    USER\SRC\main.c                          0x00000000   Number         0  main.o ABSOLUTE
    USER\SRC\mpu6050.c                       0x00000000   Number         0  mpu6050.o ABSOLUTE
    USER\SRC\pwm.c                           0x00000000   Number         0  pwm.o ABSOLUTE
    USER\SRC\spl06.c                         0x00000000   Number         0  spl06.o ABSOLUTE
    USER\SRC\stm32f4xx_it.c                  0x00000000   Number         0  stm32f4xx_it.o ABSOLUTE
    USER\SRC\system.c                        0x00000000   Number         0  system.o ABSOLUTE
    USER\SRC\tim1.c                          0x00000000   Number         0  tim1.o ABSOLUTE
    USER\SRC\tim2.c                          0x00000000   Number         0  tim2.o ABSOLUTE
    USER\SRC\tim3.c                          0x00000000   Number         0  tim3.o ABSOLUTE
    USER\SRC\tim4.c                          0x00000000   Number         0  tim4.o ABSOLUTE
    USER\\SRC\\beep.c                        0x00000000   Number         0  beep.o ABSOLUTE
    USER\\SRC\\delay.c                       0x00000000   Number         0  delay.o ABSOLUTE
    USER\\SRC\\filt.c                        0x00000000   Number         0  filt.o ABSOLUTE
    USER\\SRC\\i2c.c                         0x00000000   Number         0  i2c.o ABSOLUTE
    USER\\SRC\\led.c                         0x00000000   Number         0  led.o ABSOLUTE
    USER\\SRC\\main.c                        0x00000000   Number         0  main.o ABSOLUTE
    USER\\SRC\\mpu6050.c                     0x00000000   Number         0  mpu6050.o ABSOLUTE
    USER\\SRC\\pwm.c                         0x00000000   Number         0  pwm.o ABSOLUTE
    USER\\SRC\\spl06.c                       0x00000000   Number         0  spl06.o ABSOLUTE
    USER\\SRC\\stm32f4xx_it.c                0x00000000   Number         0  stm32f4xx_it.o ABSOLUTE
    USER\\SRC\\system.c                      0x00000000   Number         0  system.o ABSOLUTE
    USER\\SRC\\tim4.c                        0x00000000   Number         0  tim4.o ABSOLUTE
    cdcmple.s                                0x00000000   Number         0  cdcmple.o ABSOLUTE
    dc.s                                     0x00000000   Number         0  dc.o ABSOLUTE
    handlers.s                               0x00000000   Number         0  handlers.o ABSOLUTE
    init.s                                   0x00000000   Number         0  init.o ABSOLUTE
    uCOSII\CORE\os_core.c                    0x00000000   Number         0  os_core.o ABSOLUTE
    uCOSII\CORE\os_flag.c                    0x00000000   Number         0  os_flag.o ABSOLUTE
    uCOSII\CORE\os_mbox.c                    0x00000000   Number         0  os_mbox.o ABSOLUTE
    uCOSII\CORE\os_mem.c                     0x00000000   Number         0  os_mem.o ABSOLUTE
    uCOSII\CORE\os_mutex.c                   0x00000000   Number         0  os_mutex.o ABSOLUTE
    uCOSII\CORE\os_q.c                       0x00000000   Number         0  os_q.o ABSOLUTE
    uCOSII\CORE\os_sem.c                     0x00000000   Number         0  os_sem.o ABSOLUTE
    uCOSII\CORE\os_task.c                    0x00000000   Number         0  os_task.o ABSOLUTE
    uCOSII\CORE\os_time.c                    0x00000000   Number         0  os_time.o ABSOLUTE
    uCOSII\CORE\os_tmr.c                     0x00000000   Number         0  os_tmr.o ABSOLUTE
    uCOSII\PORT\os_cpu_a.asm                 0x00000000   Number         0  os_cpu_a.o ABSOLUTE
    uCOSII\PORT\os_cpu_c.c                   0x00000000   Number         0  os_cpu_c.o ABSOLUTE
    uCOSII\PORT\os_dbg.c                     0x00000000   Number         0  os_dbg.o ABSOLUTE
    uCOSII\\PORT\\os_cpu_c.c                 0x00000000   Number         0  os_cpu_c.o ABSOLUTE
    RESET                                    0x08000000   Section      392  startup_stm32f4xx.o(RESET)
    .ARM.Collect$$$$00000000                 0x08000188   Section        0  entry.o(.ARM.Collect$$$$00000000)
    .ARM.Collect$$$$00000001                 0x08000188   Section        4  entry2.o(.ARM.Collect$$$$00000001)
    .ARM.Collect$$$$00000004                 0x0800018c   Section        4  entry5.o(.ARM.Collect$$$$00000004)
    .ARM.Collect$$$$00000008                 0x08000190   Section        0  entry7b.o(.ARM.Collect$$$$00000008)
    .ARM.Collect$$$$0000000A                 0x08000190   Section        0  entry8b.o(.ARM.Collect$$$$0000000A)
    .ARM.Collect$$$$0000000B                 0x08000190   Section        8  entry9a.o(.ARM.Collect$$$$0000000B)
    .ARM.Collect$$$$0000000D                 0x08000198   Section        0  entry10a.o(.ARM.Collect$$$$0000000D)
    .ARM.Collect$$$$0000000F                 0x08000198   Section        0  entry11a.o(.ARM.Collect$$$$0000000F)
    .ARM.Collect$$$$00002712                 0x08000198   Section        4  entry2.o(.ARM.Collect$$$$00002712)
    __lit__00000000                          0x08000198   Data           4  entry2.o(.ARM.Collect$$$$00002712)
    .text                                    0x0800019c   Section        0  delay.o(.text)
    .text                                    0x080001e0   Section        0  main.o(.text)
    .text                                    0x080001ec   Section        0  stm32f4xx_it.o(.text)
    .text                                    0x0800020c   Section        0  mpu6050.o(.text)
    invsqrt                                  0x080007bd   Thumb Code    56  mpu6050.o(.text)
    .text                                    0x08000f4c   Section        0  i2c.o(.text)
    .text                                    0x0800119c   Section        0  filt.o(.text)
    .text                                    0x08001984   Section        0  system.o(.text)
    .text                                    0x080019bc   Section        0  stm32f4xx_gpio.o(.text)
    .text                                    0x08001c18   Section        0  stm32f4xx_rcc.o(.text)
    .text                                    0x080021a0   Section        0  system_stm32f4xx.o(.text)
    SetSysClock                              0x080021a1   Thumb Code   220  system_stm32f4xx.o(.text)
    .text                                    0x080023b0   Section       36  startup_stm32f4xx.o(.text)
    $v0                                      0x080023b0   Number         0  startup_stm32f4xx.o(.text)
    .text                                    0x080023d4   Section        0  os_core.o(.text)
    OS_InitTaskStat                          0x0800249b   Thumb Code    52  os_core.o(.text)
    OS_InitTaskIdle                          0x080024f1   Thumb Code    52  os_core.o(.text)
    OS_InitEventList                         0x08002537   Thumb Code    76  os_core.o(.text)
    OS_InitTCBList                           0x08002583   Thumb Code   106  os_core.o(.text)
    OS_InitRdyList                           0x080025ed   Thumb Code    44  os_core.o(.text)
    OS_InitMisc                              0x08002619   Thumb Code    44  os_core.o(.text)
    OS_SchedNew                              0x08002691   Thumb Code    26  os_core.o(.text)
    .text                                    0x08002c94   Section        0  os_flag.o(.text)
    OS_FlagTaskRdy                           0x08002e0b   Thumb Code    82  os_flag.o(.text)
    OS_FlagBlock                             0x08002fc5   Thumb Code   152  os_flag.o(.text)
    .text                                    0x080034a0   Section        0  os_mem.o(.text)
    .text                                    0x08003684   Section        0  os_q.o(.text)
    .text                                    0x08003c6c   Section        0  os_task.o(.text)
    .text                                    0x0800442c   Section        0  os_time.o(.text)
    .text                                    0x080045d8   Section      176  os_cpu_a.o(.text)
    $v0                                      0x080045d8   Number         0  os_cpu_a.o(.text)
    .text                                    0x08004688   Section        0  os_cpu_c.o(.text)
    .text                                    0x08004910   Section        0  memcpya.o(.text)
    .text                                    0x08004934   Section        0  dadd.o(.text)
    .text                                    0x08004a82   Section        0  dmul.o(.text)
    .text                                    0x08004b66   Section        0  ddiv.o(.text)
    .text                                    0x08004c44   Section        0  dflti.o(.text)
    .text                                    0x08004c66   Section        0  f2d.o(.text)
    .text                                    0x08004c8c   Section        0  d2f.o(.text)
    .text                                    0x08004cc4   Section        0  llshl.o(.text)
    .text                                    0x08004ce2   Section        0  llushr.o(.text)
    .text                                    0x08004d02   Section        0  llsshr.o(.text)
    .text                                    0x08004d26   Section        0  fepilogue.o(.text)
    .text                                    0x08004d26   Section        0  iusefp.o(.text)
    .text                                    0x08004d94   Section        0  depilogue.o(.text)
    .text                                    0x08004e50   Section       36  init.o(.text)
    .text                                    0x08004e74   Section        0  dsqrt.o(.text)
    i.__ARM_fpclassify                       0x08004f16   Section        0  fpclassify.o(i.__ARM_fpclassify)
    i.__hardfp_asin                          0x08004f48   Section        0  asin.o(i.__hardfp_asin)
    i.__hardfp_atan                          0x080052a8   Section        0  atan.o(i.__hardfp_atan)
    i.__hardfp_atan2                         0x08005580   Section        0  atan2.o(i.__hardfp_atan2)
    i.__kernel_poly                          0x08005770   Section        0  poly.o(i.__kernel_poly)
    i.__mathlib_dbl_infnan                   0x08005868   Section        0  dunder.o(i.__mathlib_dbl_infnan)
    i.__mathlib_dbl_infnan2                  0x0800587c   Section        0  dunder.o(i.__mathlib_dbl_infnan2)
    i.__mathlib_dbl_invalid                  0x08005890   Section        0  dunder.o(i.__mathlib_dbl_invalid)
    i.__mathlib_dbl_underflow                0x080058b0   Section        0  dunder.o(i.__mathlib_dbl_underflow)
    i.__scatterload_copy                     0x080058d0   Section       14  handlers.o(i.__scatterload_copy)
    i.__scatterload_null                     0x080058de   Section        2  handlers.o(i.__scatterload_null)
    i.__scatterload_zeroinit                 0x080058e0   Section       14  handlers.o(i.__scatterload_zeroinit)
    i.__set_errno                            0x080058f0   Section        0  errno.o(i.__set_errno)
    i.atan                                   0x080058fc   Section        0  atan.o(i.atan)
    i.fabs                                   0x0800590c   Section        0  fabs.o(i.fabs)
    i.sqrt                                   0x08005924   Section        0  sqrt.o(i.sqrt)
    .constdata                               0x08005994   Section       36  mpu6050.o(.constdata)
    .constdata                               0x080059b8   Section      256  os_core.o(.constdata)
    .constdata                               0x08005ab8   Section       80  asin.o(.constdata)
    pS                                       0x08005ab8   Data          48  asin.o(.constdata)
    qS                                       0x08005ae8   Data          32  asin.o(.constdata)
    .constdata                               0x08005b08   Section      152  atan.o(.constdata)
    atanhi                                   0x08005b08   Data          32  atan.o(.constdata)
    atanlo                                   0x08005b28   Data          32  atan.o(.constdata)
    aTodd                                    0x08005b48   Data          40  atan.o(.constdata)
    aTeven                                   0x08005b70   Data          48  atan.o(.constdata)
    .constdata                               0x08005ba0   Section        8  qnan.o(.constdata)
    .data                                    0x20000000   Section       71  mpu6050.o(.data)
    tempgx                                   0x20000038   Data           4  mpu6050.o(.data)
    tempgy                                   0x2000003c   Data           4  mpu6050.o(.data)
    tempgz                                   0x20000040   Data           4  mpu6050.o(.data)
    cnt_a                                    0x20000044   Data           2  mpu6050.o(.data)
    IIR_mode                                 0x20000046   Data           1  mpu6050.o(.data)
    .data                                    0x20000047   Section       14  filt.o(.data)
    cnt                                      0x20000047   Data           1  filt.o(.data)
    flag                                     0x20000048   Data           1  filt.o(.data)
    cnt                                      0x20000049   Data           1  filt.o(.data)
    flag                                     0x2000004a   Data           1  filt.o(.data)
    cnt                                      0x2000004b   Data           1  filt.o(.data)
    flag                                     0x2000004c   Data           1  filt.o(.data)
    cnt                                      0x2000004d   Data           1  filt.o(.data)
    flag                                     0x2000004e   Data           1  filt.o(.data)
    cnt                                      0x2000004f   Data           1  filt.o(.data)
    flag                                     0x20000050   Data           1  filt.o(.data)
    cnt                                      0x20000051   Data           1  filt.o(.data)
    flag                                     0x20000052   Data           1  filt.o(.data)
    cnt                                      0x20000053   Data           1  filt.o(.data)
    flag                                     0x20000054   Data           1  filt.o(.data)
    .data                                    0x20000055   Section       16  stm32f4xx_rcc.o(.data)
    APBAHBPrescTable                         0x20000055   Data          16  stm32f4xx_rcc.o(.data)
    .data                                    0x20000068   Section       20  system_stm32f4xx.o(.data)
    .data                                    0x2000007c   Section       76  os_core.o(.data)
    .data                                    0x200000c8   Section        4  os_cpu_c.o(.data)
    .data                                    0x200000cc   Section        4  errno.o(.data)
    _errno                                   0x200000cc   Data           4  errno.o(.data)
    .bss                                     0x200000d0   Section      136  mpu6050.o(.bss)
    mpu6050_buff                             0x200000d0   Data          14  mpu6050.o(.bss)
    .bss                                     0x20000158   Section     1280  filt.o(.bss)
    buf                                      0x20000158   Data          80  filt.o(.bss)
    buf                                      0x200001a8   Data          80  filt.o(.bss)
    bufx                                     0x200001f8   Data          80  filt.o(.bss)
    bufy                                     0x20000248   Data          80  filt.o(.bss)
    bufz                                     0x20000298   Data          80  filt.o(.bss)
    bufax                                    0x200002e8   Data          80  filt.o(.bss)
    bufay                                    0x20000338   Data          80  filt.o(.bss)
    bufaz                                    0x20000388   Data          80  filt.o(.bss)
    bufgx                                    0x200003d8   Data          80  filt.o(.bss)
    bufgy                                    0x20000428   Data          80  filt.o(.bss)
    bufgz                                    0x20000478   Data          80  filt.o(.bss)
    bufax                                    0x200004c8   Data          80  filt.o(.bss)
    bufay                                    0x20000518   Data          80  filt.o(.bss)
    bufaz                                    0x20000568   Data          80  filt.o(.bss)
    buf                                      0x200005b8   Data          80  filt.o(.bss)
    buf                                      0x20000608   Data          80  filt.o(.bss)
    .bss                                     0x20000658   Section     7084  os_core.o(.bss)
    STACK                                    0x20002208   Section     1024  startup_stm32f4xx.o(STACK)

    Global Symbols

    Symbol Name                              Value     Ov Type        Size  Object(Section)

    BuildAttributes$$THM_ISAv4$E$P$D$K$B$S$7EM$VFPi3$EXTD16$VFPS$VFMA$PE$A:L22UL41UL21$X:L11$S22US41US21$IEEE1$IW$USESV6$~STKCKD$USESV7$~SHL$OTIME$ROPI$IEEEX$EBA8$MICROLIB$REQ8$PRES8$EABIv2 0x00000000   Number         0  anon$$obj.o ABSOLUTE
    __ARM_use_no_argv                        0x00000000   Number         0  main.o ABSOLUTE
    __cpp_initialize__aeabi_                  - Undefined Weak Reference
    __cxa_finalize                            - Undefined Weak Reference
    __decompress                              - Undefined Weak Reference
    _clock_init                               - Undefined Weak Reference
    _microlib_exit                            - Undefined Weak Reference
    __Vectors_Size                           0x00000188   Number         0  startup_stm32f4xx.o ABSOLUTE
    __Vectors                                0x08000000   Data           4  startup_stm32f4xx.o(RESET)
    __Vectors_End                            0x08000188   Data           0  startup_stm32f4xx.o(RESET)
    __main                                   0x08000189   Thumb Code     0  entry.o(.ARM.Collect$$$$00000000)
    _main_stk                                0x08000189   Thumb Code     0  entry2.o(.ARM.Collect$$$$00000001)
    _main_scatterload                        0x0800018d   Thumb Code     0  entry5.o(.ARM.Collect$$$$00000004)
    __main_after_scatterload                 0x08000191   Thumb Code     0  entry5.o(.ARM.Collect$$$$00000004)
    _main_clock                              0x08000191   Thumb Code     0  entry7b.o(.ARM.Collect$$$$00000008)
    _main_cpp_init                           0x08000191   Thumb Code     0  entry8b.o(.ARM.Collect$$$$0000000A)
    _main_init                               0x08000191   Thumb Code     0  entry9a.o(.ARM.Collect$$$$0000000B)
    __rt_final_cpp                           0x08000199   Thumb Code     0  entry10a.o(.ARM.Collect$$$$0000000D)
    __rt_final_exit                          0x08000199   Thumb Code     0  entry11a.o(.ARM.Collect$$$$0000000F)
    Delay_ms                                 0x0800019d   Thumb Code    28  delay.o(.text)
    Delay_us                                 0x080001b9   Thumb Code    26  delay.o(.text)
    Delay                                    0x080001d3   Thumb Code    14  delay.o(.text)
    main                                     0x080001e1   Thumb Code    12  main.o(.text)
    NMI_Handler                              0x080001ed   Thumb Code     2  stm32f4xx_it.o(.text)
    HardFault_Handler                        0x080001ef   Thumb Code    12  stm32f4xx_it.o(.text)
    MemManage_Handler                        0x080001fb   Thumb Code     4  stm32f4xx_it.o(.text)
    BusFault_Handler                         0x080001ff   Thumb Code     4  stm32f4xx_it.o(.text)
    UsageFault_Handler                       0x08000203   Thumb Code     4  stm32f4xx_it.o(.text)
    SVC_Handler                              0x08000207   Thumb Code     2  stm32f4xx_it.o(.text)
    DebugMon_Handler                         0x08000209   Thumb Code     2  stm32f4xx_it.o(.text)
    MPU_Write_Byte                           0x0800020d   Thumb Code    68  mpu6050.o(.text)
    MPU_Set_LPF                              0x08000251   Thumb Code    58  mpu6050.o(.text)
    MPU_Set_Rate                             0x0800028b   Thumb Code    58  mpu6050.o(.text)
    MPU_Read_Byte                            0x080002c5   Thumb Code    62  mpu6050.o(.text)
    MPU_Set_Accel_Fsr                        0x08000303   Thumb Code    16  mpu6050.o(.text)
    MPU_Set_Gyro_Fsr                         0x08000313   Thumb Code    16  mpu6050.o(.text)
    MPU_Init                                 0x08000323   Thumb Code   130  mpu6050.o(.text)
    MPU_Read_Len                             0x080003a5   Thumb Code   116  mpu6050.o(.text)
    MPU_Get_Temperature                      0x08000419   Thumb Code   110  mpu6050.o(.text)
    MPU_Get_Gyroscope                        0x08000487   Thumb Code    80  mpu6050.o(.text)
    MPU_Get_Accelerometer                    0x080004d7   Thumb Code    80  mpu6050.o(.text)
    MPU_Write_Len                            0x08000527   Thumb Code    96  mpu6050.o(.text)
    MPU6050_CalOff                           0x08000587   Thumb Code    24  mpu6050.o(.text)
    MPU6050_CalOff_Acc                       0x0800059f   Thumb Code    14  mpu6050.o(.text)
    MPU6050_CalOff_Gyr                       0x080005ad   Thumb Code    14  mpu6050.o(.text)
    mpu6050_read                             0x080005bb   Thumb Code    16  mpu6050.o(.text)
    mpu6050_offset                           0x080005cb   Thumb Code   176  mpu6050.o(.text)
    mpu_off                                  0x0800067b   Thumb Code   322  mpu6050.o(.text)
    prepare_data                             0x080007f5   Thumb Code   406  mpu6050.o(.text)
    imu_update                               0x0800098b   Thumb Code  1424  mpu6050.o(.text)
    MPU_IIC_Delay                            0x08000f4d   Thumb Code    10  i2c.o(.text)
    MPU_IIC_Init                             0x08000f57   Thumb Code    60  i2c.o(.text)
    MPU_IIC_Start                            0x08000f93   Thumb Code    60  i2c.o(.text)
    MPU_IIC_Stop                             0x08000fcf   Thumb Code    62  i2c.o(.text)
    MPU_IIC_Wait_Ack                         0x0800100d   Thumb Code    82  i2c.o(.text)
    MPU_IIC_Ack                              0x0800105f   Thumb Code    66  i2c.o(.text)
    MPU_IIC_NAck                             0x080010a1   Thumb Code    66  i2c.o(.text)
    MPU_IIC_Send_Byte                        0x080010e3   Thumb Code    82  i2c.o(.text)
    MPU_IIC_Read_Byte                        0x08001135   Thumb Code    92  i2c.o(.text)
    FindPos                                  0x0800119d   Thumb Code   120  filt.o(.text)
    QuiteSort                                0x08001215   Thumb Code    52  filt.o(.text)
    SortAver_Filter                          0x08001249   Thumb Code   150  filt.o(.text)
    SortAver_Filter1                         0x080012df   Thumb Code   148  filt.o(.text)
    SortAver_FilterXYZ                       0x08001373   Thumb Code   316  filt.o(.text)
    Aver_FilterXYZ6                          0x080014af   Thumb Code   558  filt.o(.text)
    Aver_FilterXYZ                           0x080016dd   Thumb Code   218  filt.o(.text)
    Aver_Filter                              0x080017b7   Thumb Code   122  filt.o(.text)
    Aver_Filter1                             0x08001831   Thumb Code   120  filt.o(.text)
    LPF_1                                    0x080018a9   Thumb Code    58  filt.o(.text)
    limit_filter                             0x080018e3   Thumb Code   112  filt.o(.text)
    nvic_init                                0x08001985   Thumb Code     2  system.o(.text)
    system_init                              0x08001987   Thumb Code    16  system.o(.text)
    task_schedule                            0x08001997   Thumb Code    24  system.o(.text)
    GPIO_DeInit                              0x080019bd   Thumb Code   220  stm32f4xx_gpio.o(.text)
    GPIO_Init                                0x08001a99   Thumb Code   144  stm32f4xx_gpio.o(.text)
    GPIO_StructInit                          0x08001b29   Thumb Code    18  stm32f4xx_gpio.o(.text)
    GPIO_PinLockConfig                       0x08001b3b   Thumb Code    34  stm32f4xx_gpio.o(.text)
    GPIO_ReadInputDataBit                    0x08001b5d   Thumb Code    18  stm32f4xx_gpio.o(.text)
    GPIO_ReadInputData                       0x08001b6f   Thumb Code     8  stm32f4xx_gpio.o(.text)
    GPIO_ReadOutputDataBit                   0x08001b77   Thumb Code    18  stm32f4xx_gpio.o(.text)
    GPIO_ReadOutputData                      0x08001b89   Thumb Code     8  stm32f4xx_gpio.o(.text)
    GPIO_SetBits                             0x08001b91   Thumb Code     4  stm32f4xx_gpio.o(.text)
    GPIO_ResetBits                           0x08001b95   Thumb Code     4  stm32f4xx_gpio.o(.text)
    GPIO_WriteBit                            0x08001b99   Thumb Code    10  stm32f4xx_gpio.o(.text)
    GPIO_Write                               0x08001ba3   Thumb Code     4  stm32f4xx_gpio.o(.text)
    GPIO_ToggleBits                          0x08001ba7   Thumb Code     8  stm32f4xx_gpio.o(.text)
    GPIO_PinAFConfig                         0x08001baf   Thumb Code    70  stm32f4xx_gpio.o(.text)
    RCC_DeInit                               0x08001c19   Thumb Code    60  stm32f4xx_rcc.o(.text)
    RCC_HSEConfig                            0x08001c55   Thumb Code    14  stm32f4xx_rcc.o(.text)
    RCC_GetFlagStatus                        0x08001c63   Thumb Code    60  stm32f4xx_rcc.o(.text)
    RCC_WaitForHSEStartUp                    0x08001c9f   Thumb Code    56  stm32f4xx_rcc.o(.text)
    RCC_AdjustHSICalibrationValue            0x08001cd7   Thumb Code    20  stm32f4xx_rcc.o(.text)
    RCC_HSICmd                               0x08001ceb   Thumb Code     6  stm32f4xx_rcc.o(.text)
    RCC_LSEConfig                            0x08001cf1   Thumb Code    46  stm32f4xx_rcc.o(.text)
    RCC_LSICmd                               0x08001d1f   Thumb Code     6  stm32f4xx_rcc.o(.text)
    RCC_PLLConfig                            0x08001d25   Thumb Code    32  stm32f4xx_rcc.o(.text)
    RCC_PLLCmd                               0x08001d45   Thumb Code     6  stm32f4xx_rcc.o(.text)
    RCC_PLLI2SConfig                         0x08001d4b   Thumb Code    14  stm32f4xx_rcc.o(.text)
    RCC_PLLI2SCmd                            0x08001d59   Thumb Code     6  stm32f4xx_rcc.o(.text)
    RCC_ClockSecuritySystemCmd               0x08001d5f   Thumb Code     6  stm32f4xx_rcc.o(.text)
    RCC_MCO1Config                           0x08001d65   Thumb Code    28  stm32f4xx_rcc.o(.text)
    RCC_MCO2Config                           0x08001d81   Thumb Code    28  stm32f4xx_rcc.o(.text)
    RCC_SYSCLKConfig                         0x08001d9d   Thumb Code    20  stm32f4xx_rcc.o(.text)
    RCC_GetSYSCLKSource                      0x08001db1   Thumb Code    12  stm32f4xx_rcc.o(.text)
    RCC_HCLKConfig                           0x08001dbd   Thumb Code    20  stm32f4xx_rcc.o(.text)
    RCC_PCLK1Config                          0x08001dd1   Thumb Code    20  stm32f4xx_rcc.o(.text)
    RCC_PCLK2Config                          0x08001de5   Thumb Code    22  stm32f4xx_rcc.o(.text)
    RCC_GetClocksFreq                        0x08001dfb   Thumb Code   222  stm32f4xx_rcc.o(.text)
    RCC_RTCCLKConfig                         0x08001ed9   Thumb Code    54  stm32f4xx_rcc.o(.text)
    RCC_RTCCLKCmd                            0x08001f0f   Thumb Code     8  stm32f4xx_rcc.o(.text)
    RCC_BackupResetCmd                       0x08001f17   Thumb Code     8  stm32f4xx_rcc.o(.text)
    RCC_I2SCLKConfig                         0x08001f1f   Thumb Code     6  stm32f4xx_rcc.o(.text)
    RCC_AHB1PeriphClockCmd                   0x08001f25   Thumb Code    34  stm32f4xx_rcc.o(.text)
    RCC_AHB2PeriphClockCmd                   0x08001f47   Thumb Code    34  stm32f4xx_rcc.o(.text)
    RCC_AHB3PeriphClockCmd                   0x08001f69   Thumb Code    34  stm32f4xx_rcc.o(.text)
    RCC_APB1PeriphClockCmd                   0x08001f8b   Thumb Code    34  stm32f4xx_rcc.o(.text)
    RCC_APB2PeriphClockCmd                   0x08001fad   Thumb Code    34  stm32f4xx_rcc.o(.text)
    RCC_AHB1PeriphResetCmd                   0x08001fcf   Thumb Code    34  stm32f4xx_rcc.o(.text)
    RCC_AHB2PeriphResetCmd                   0x08001ff1   Thumb Code    72  stm32f4xx_rcc.o(.text)
    RCC_AHB3PeriphResetCmd                   0x08002039   Thumb Code    34  stm32f4xx_rcc.o(.text)
    RCC_APB1PeriphResetCmd                   0x0800205b   Thumb Code    34  stm32f4xx_rcc.o(.text)
    RCC_APB2PeriphResetCmd                   0x0800207d   Thumb Code    34  stm32f4xx_rcc.o(.text)
    RCC_AHB1PeriphClockLPModeCmd             0x0800209f   Thumb Code    34  stm32f4xx_rcc.o(.text)
    RCC_AHB2PeriphClockLPModeCmd             0x080020c1   Thumb Code    34  stm32f4xx_rcc.o(.text)
    RCC_AHB3PeriphClockLPModeCmd             0x080020e3   Thumb Code    34  stm32f4xx_rcc.o(.text)
    RCC_APB1PeriphClockLPModeCmd             0x08002105   Thumb Code    34  stm32f4xx_rcc.o(.text)
    RCC_APB2PeriphClockLPModeCmd             0x08002127   Thumb Code    34  stm32f4xx_rcc.o(.text)
    RCC_ITConfig                             0x08002149   Thumb Code    34  stm32f4xx_rcc.o(.text)
    RCC_ClearFlag                            0x0800216b   Thumb Code    18  stm32f4xx_rcc.o(.text)
    RCC_GetITStatus                          0x0800217d   Thumb Code    22  stm32f4xx_rcc.o(.text)
    RCC_ClearITPendingBit                    0x08002193   Thumb Code     8  stm32f4xx_rcc.o(.text)
    SystemInit                               0x0800227d   Thumb Code    88  system_stm32f4xx.o(.text)
    SystemCoreClockUpdate                    0x080022d5   Thumb Code   174  system_stm32f4xx.o(.text)
    Reset_Handler                            0x080023b1   Thumb Code     8  startup_stm32f4xx.o(.text)
    ADC_IRQHandler                           0x080023cb   Thumb Code     0  startup_stm32f4xx.o(.text)
    CAN1_RX0_IRQHandler                      0x080023cb   Thumb Code     0  startup_stm32f4xx.o(.text)
    CAN1_RX1_IRQHandler                      0x080023cb   Thumb Code     0  startup_stm32f4xx.o(.text)
    CAN1_SCE_IRQHandler                      0x080023cb   Thumb Code     0  startup_stm32f4xx.o(.text)
    CAN1_TX_IRQHandler                       0x080023cb   Thumb Code     0  startup_stm32f4xx.o(.text)
    CAN2_RX0_IRQHandler                      0x080023cb   Thumb Code     0  startup_stm32f4xx.o(.text)
    CAN2_RX1_IRQHandler                      0x080023cb   Thumb Code     0  startup_stm32f4xx.o(.text)
    CAN2_SCE_IRQHandler                      0x080023cb   Thumb Code     0  startup_stm32f4xx.o(.text)
    CAN2_TX_IRQHandler                       0x080023cb   Thumb Code     0  startup_stm32f4xx.o(.text)
    CRYP_IRQHandler                          0x080023cb   Thumb Code     0  startup_stm32f4xx.o(.text)
    DCMI_IRQHandler                          0x080023cb   Thumb Code     0  startup_stm32f4xx.o(.text)
    DMA1_Stream0_IRQHandler                  0x080023cb   Thumb Code     0  startup_stm32f4xx.o(.text)
    DMA1_Stream1_IRQHandler                  0x080023cb   Thumb Code     0  startup_stm32f4xx.o(.text)
    DMA1_Stream2_IRQHandler                  0x080023cb   Thumb Code     0  startup_stm32f4xx.o(.text)
    DMA1_Stream3_IRQHandler                  0x080023cb   Thumb Code     0  startup_stm32f4xx.o(.text)
    DMA1_Stream4_IRQHandler                  0x080023cb   Thumb Code     0  startup_stm32f4xx.o(.text)
    DMA1_Stream5_IRQHandler                  0x080023cb   Thumb Code     0  startup_stm32f4xx.o(.text)
    DMA1_Stream6_IRQHandler                  0x080023cb   Thumb Code     0  startup_stm32f4xx.o(.text)
    DMA1_Stream7_IRQHandler                  0x080023cb   Thumb Code     0  startup_stm32f4xx.o(.text)
    DMA2_Stream0_IRQHandler                  0x080023cb   Thumb Code     0  startup_stm32f4xx.o(.text)
    DMA2_Stream1_IRQHandler                  0x080023cb   Thumb Code     0  startup_stm32f4xx.o(.text)
    DMA2_Stream2_IRQHandler                  0x080023cb   Thumb Code     0  startup_stm32f4xx.o(.text)
    DMA2_Stream3_IRQHandler                  0x080023cb   Thumb Code     0  startup_stm32f4xx.o(.text)
    DMA2_Stream4_IRQHandler                  0x080023cb   Thumb Code     0  startup_stm32f4xx.o(.text)
    DMA2_Stream5_IRQHandler                  0x080023cb   Thumb Code     0  startup_stm32f4xx.o(.text)
    DMA2_Stream6_IRQHandler                  0x080023cb   Thumb Code     0  startup_stm32f4xx.o(.text)
    DMA2_Stream7_IRQHandler                  0x080023cb   Thumb Code     0  startup_stm32f4xx.o(.text)
    ETH_IRQHandler                           0x080023cb   Thumb Code     0  startup_stm32f4xx.o(.text)
    ETH_WKUP_IRQHandler                      0x080023cb   Thumb Code     0  startup_stm32f4xx.o(.text)
    EXTI0_IRQHandler                         0x080023cb   Thumb Code     0  startup_stm32f4xx.o(.text)
    EXTI15_10_IRQHandler                     0x080023cb   Thumb Code     0  startup_stm32f4xx.o(.text)
    EXTI1_IRQHandler                         0x080023cb   Thumb Code     0  startup_stm32f4xx.o(.text)
    EXTI2_IRQHandler                         0x080023cb   Thumb Code     0  startup_stm32f4xx.o(.text)
    EXTI3_IRQHandler                         0x080023cb   Thumb Code     0  startup_stm32f4xx.o(.text)
    EXTI4_IRQHandler                         0x080023cb   Thumb Code     0  startup_stm32f4xx.o(.text)
    EXTI9_5_IRQHandler                       0x080023cb   Thumb Code     0  startup_stm32f4xx.o(.text)
    FLASH_IRQHandler                         0x080023cb   Thumb Code     0  startup_stm32f4xx.o(.text)
    FPU_IRQHandler                           0x080023cb   Thumb Code     0  startup_stm32f4xx.o(.text)
    FSMC_IRQHandler                          0x080023cb   Thumb Code     0  startup_stm32f4xx.o(.text)
    HASH_RNG_IRQHandler                      0x080023cb   Thumb Code     0  startup_stm32f4xx.o(.text)
    I2C1_ER_IRQHandler                       0x080023cb   Thumb Code     0  startup_stm32f4xx.o(.text)
    I2C1_EV_IRQHandler                       0x080023cb   Thumb Code     0  startup_stm32f4xx.o(.text)
    I2C2_ER_IRQHandler                       0x080023cb   Thumb Code     0  startup_stm32f4xx.o(.text)
    I2C2_EV_IRQHandler                       0x080023cb   Thumb Code     0  startup_stm32f4xx.o(.text)
    I2C3_ER_IRQHandler                       0x080023cb   Thumb Code     0  startup_stm32f4xx.o(.text)
    I2C3_EV_IRQHandler                       0x080023cb   Thumb Code     0  startup_stm32f4xx.o(.text)
    OTG_FS_IRQHandler                        0x080023cb   Thumb Code     0  startup_stm32f4xx.o(.text)
    OTG_FS_WKUP_IRQHandler                   0x080023cb   Thumb Code     0  startup_stm32f4xx.o(.text)
    OTG_HS_EP1_IN_IRQHandler                 0x080023cb   Thumb Code     0  startup_stm32f4xx.o(.text)
    OTG_HS_EP1_OUT_IRQHandler                0x080023cb   Thumb Code     0  startup_stm32f4xx.o(.text)
    OTG_HS_IRQHandler                        0x080023cb   Thumb Code     0  startup_stm32f4xx.o(.text)
    OTG_HS_WKUP_IRQHandler                   0x080023cb   Thumb Code     0  startup_stm32f4xx.o(.text)
    PVD_IRQHandler                           0x080023cb   Thumb Code     0  startup_stm32f4xx.o(.text)
    RCC_IRQHandler                           0x080023cb   Thumb Code     0  startup_stm32f4xx.o(.text)
    RTC_Alarm_IRQHandler                     0x080023cb   Thumb Code     0  startup_stm32f4xx.o(.text)
    RTC_WKUP_IRQHandler                      0x080023cb   Thumb Code     0  startup_stm32f4xx.o(.text)
    SDIO_IRQHandler                          0x080023cb   Thumb Code     0  startup_stm32f4xx.o(.text)
    SPI1_IRQHandler                          0x080023cb   Thumb Code     0  startup_stm32f4xx.o(.text)
    SPI2_IRQHandler                          0x080023cb   Thumb Code     0  startup_stm32f4xx.o(.text)
    SPI3_IRQHandler                          0x080023cb   Thumb Code     0  startup_stm32f4xx.o(.text)
    TAMP_STAMP_IRQHandler                    0x080023cb   Thumb Code     0  startup_stm32f4xx.o(.text)
    TIM1_BRK_TIM9_IRQHandler                 0x080023cb   Thumb Code     0  startup_stm32f4xx.o(.text)
    TIM1_CC_IRQHandler                       0x080023cb   Thumb Code     0  startup_stm32f4xx.o(.text)
    TIM1_TRG_COM_TIM11_IRQHandler            0x080023cb   Thumb Code     0  startup_stm32f4xx.o(.text)
    TIM1_UP_TIM10_IRQHandler                 0x080023cb   Thumb Code     0  startup_stm32f4xx.o(.text)
    TIM2_IRQHandler                          0x080023cb   Thumb Code     0  startup_stm32f4xx.o(.text)
    TIM3_IRQHandler                          0x080023cb   Thumb Code     0  startup_stm32f4xx.o(.text)
    TIM4_IRQHandler                          0x080023cb   Thumb Code     0  startup_stm32f4xx.o(.text)
    TIM5_IRQHandler                          0x080023cb   Thumb Code     0  startup_stm32f4xx.o(.text)
    TIM6_DAC_IRQHandler                      0x080023cb   Thumb Code     0  startup_stm32f4xx.o(.text)
    TIM7_IRQHandler                          0x080023cb   Thumb Code     0  startup_stm32f4xx.o(.text)
    TIM8_BRK_TIM12_IRQHandler                0x080023cb   Thumb Code     0  startup_stm32f4xx.o(.text)
    TIM8_CC_IRQHandler                       0x080023cb   Thumb Code     0  startup_stm32f4xx.o(.text)
    TIM8_TRG_COM_TIM14_IRQHandler            0x080023cb   Thumb Code     0  startup_stm32f4xx.o(.text)
    TIM8_UP_TIM13_IRQHandler                 0x080023cb   Thumb Code     0  startup_stm32f4xx.o(.text)
    UART4_IRQHandler                         0x080023cb   Thumb Code     0  startup_stm32f4xx.o(.text)
    UART5_IRQHandler                         0x080023cb   Thumb Code     0  startup_stm32f4xx.o(.text)
    USART1_IRQHandler                        0x080023cb   Thumb Code     0  startup_stm32f4xx.o(.text)
    USART2_IRQHandler                        0x080023cb   Thumb Code     0  startup_stm32f4xx.o(.text)
    USART3_IRQHandler                        0x080023cb   Thumb Code     0  startup_stm32f4xx.o(.text)
    USART6_IRQHandler                        0x080023cb   Thumb Code     0  startup_stm32f4xx.o(.text)
    WWDG_IRQHandler                          0x080023cb   Thumb Code     0  startup_stm32f4xx.o(.text)
    OS_TaskStatStkChk                        0x080023d5   Thumb Code    54  os_core.o(.text)
    OS_TaskStat                              0x0800240b   Thumb Code   144  os_core.o(.text)
    OS_TaskIdle                              0x080024cf   Thumb Code    34  os_core.o(.text)
    OS_MemClr                                0x08002525   Thumb Code    18  os_core.o(.text)
    OSInit                                   0x08002645   Thumb Code    48  os_core.o(.text)
    OSIntEnter                               0x08002675   Thumb Code    28  os_core.o(.text)
    OSIntExit                                0x080026ab   Thumb Code   112  os_core.o(.text)
    OSSchedLock                              0x0800271b   Thumb Code    50  os_core.o(.text)
    OS_Sched                                 0x0800274d   Thumb Code    88  os_core.o(.text)
    OSSchedUnlock                            0x080027a5   Thumb Code   238  os_core.o(.text)
    OSStart                                  0x08002893   Thumb Code    48  os_core.o(.text)
    OSStatInit                               0x080028c3   Thumb Code    64  os_core.o(.text)
    OSTimeTick                               0x08002903   Thumb Code   210  os_core.o(.text)
    OSVersion                                0x080029d5   Thumb Code     6  os_core.o(.text)
    OS_Dummy                                 0x080029db   Thumb Code     2  os_core.o(.text)
    OS_EventTaskRemove                       0x080029dd   Thumb Code    42  os_core.o(.text)
    OS_EventTaskRdy                          0x08002a07   Thumb Code   114  os_core.o(.text)
    OS_EventTaskWait                         0x08002a79   Thumb Code   112  os_core.o(.text)
    OS_EventWaitListInit                     0x08002ae9   Thumb Code    28  os_core.o(.text)
    OS_MemCopy                               0x08002b05   Thumb Code    20  os_core.o(.text)
    OS_StrLen                                0x08002b19   Thumb Code    20  os_core.o(.text)
    OS_TCBInit                               0x08002b2d   Thumb Code   292  os_core.o(.text)
    OSFlagAccept                             0x08002c95   Thumb Code   252  os_flag.o(.text)
    OSFlagCreate                             0x08002d91   Thumb Code    86  os_flag.o(.text)
    OS_FlagUnlink                            0x08002de7   Thumb Code    36  os_flag.o(.text)
    OSFlagDel                                0x08002e5d   Thumb Code   214  os_flag.o(.text)
    OSFlagNameGet                            0x08002f33   Thumb Code    80  os_flag.o(.text)
    OSFlagNameSet                            0x08002f83   Thumb Code    66  os_flag.o(.text)
    OSFlagPend                               0x0800305d   Thumb Code   614  os_flag.o(.text)
    OSFlagPendGetFlagsRdy                    0x080032c3   Thumb Code    26  os_flag.o(.text)
    OSFlagPost                               0x080032dd   Thumb Code   312  os_flag.o(.text)
    OSFlagQuery                              0x08003415   Thumb Code    48  os_flag.o(.text)
    OS_FlagInit                              0x08003445   Thumb Code    78  os_flag.o(.text)
    OSMemCreate                              0x080034a1   Thumb Code   118  os_mem.o(.text)
    OSMemGet                                 0x08003517   Thumb Code    62  os_mem.o(.text)
    OSMemNameGet                             0x08003555   Thumb Code    60  os_mem.o(.text)
    OSMemNameSet                             0x08003591   Thumb Code    48  os_mem.o(.text)
    OSMemPut                                 0x080035c1   Thumb Code    54  os_mem.o(.text)
    OSMemQuery                               0x080035f7   Thumb Code    52  os_mem.o(.text)
    OS_MemInit                               0x0800362b   Thumb Code    74  os_mem.o(.text)
    OSQAccept                                0x08003685   Thumb Code    88  os_q.o(.text)
    OSQCreate                                0x080036dd   Thumb Code   140  os_q.o(.text)
    OSQDel                                   0x08003769   Thumb Code   236  os_q.o(.text)
    OSQFlush                                 0x08003855   Thumb Code    36  os_q.o(.text)
    OSQPend                                  0x08003879   Thumb Code   272  os_q.o(.text)
    OSQPendAbort                             0x08003989   Thumb Code   128  os_q.o(.text)
    OSQPost                                  0x08003a09   Thumb Code   114  os_q.o(.text)
    OSQPostFront                             0x08003a7b   Thumb Code   136  os_q.o(.text)
    OSQPostOpt                               0x08003b03   Thumb Code   182  os_q.o(.text)
    OSQQuery                                 0x08003bb9   Thumb Code    98  os_q.o(.text)
    OS_QInit                                 0x08003c1b   Thumb Code    72  os_q.o(.text)
    OSTaskChangePrio                         0x08003c6d   Thumb Code   308  os_task.o(.text)
    OSTaskCreate                             0x08003da1   Thumb Code   148  os_task.o(.text)
    OS_TaskStkClr                            0x08003e35   Thumb Code    26  os_task.o(.text)
    OSTaskCreateExt                          0x08003e4f   Thumb Code   170  os_task.o(.text)
    OSTaskDel                                0x08003ef9   Thumb Code   294  os_task.o(.text)
    OSTaskDelReq                             0x0800401f   Thumb Code   144  os_task.o(.text)
    OSTaskNameGet                            0x080040af   Thumb Code   114  os_task.o(.text)
    OSTaskNameSet                            0x08004121   Thumb Code    98  os_task.o(.text)
    OSTaskResume                             0x08004183   Thumb Code   154  os_task.o(.text)
    OSTaskStkChk                             0x0800421d   Thumb Code   128  os_task.o(.text)
    OSTaskSuspend                            0x0800429d   Thumb Code   152  os_task.o(.text)
    OSTaskQuery                              0x08004335   Thumb Code    82  os_task.o(.text)
    OSTaskRegGet                             0x08004387   Thumb Code    60  os_task.o(.text)
    OSTaskRegSet                             0x080043c3   Thumb Code    62  os_task.o(.text)
    OS_TaskReturn                            0x08004401   Thumb Code    18  os_task.o(.text)
    OSTimeDly                                0x0800442d   Thumb Code   100  os_time.o(.text)
    OSTimeDlyHMSM                            0x08004491   Thumb Code    84  os_time.o(.text)
    OSTimeDlyResume                          0x080044e5   Thumb Code   168  os_time.o(.text)
    OSTimeGet                                0x0800458d   Thumb Code    24  os_time.o(.text)
    OSTimeSet                                0x080045a5   Thumb Code    24  os_time.o(.text)
    OS_CPU_SR_Save                           0x080045d9   Thumb Code     0  os_cpu_a.o(.text)
    OS_CPU_SR_Restore                        0x080045e1   Thumb Code     0  os_cpu_a.o(.text)
    OSStartHighRdy                           0x080045e7   Thumb Code     0  os_cpu_a.o(.text)
    OSCtxSw                                  0x08004607   Thumb Code     0  os_cpu_a.o(.text)
    OSIntCtxSw                               0x08004611   Thumb Code     0  os_cpu_a.o(.text)
    PendSV_Handler                           0x0800461b   Thumb Code     0  os_cpu_a.o(.text)
    OSInitHookBegin                          0x08004689   Thumb Code     2  os_cpu_c.o(.text)
    OSTaskReturnHook                         0x0800468b   Thumb Code     2  os_cpu_c.o(.text)
    OSInitHookEnd                            0x0800468d   Thumb Code     2  os_cpu_c.o(.text)
    OSTaskCreateHook                         0x0800468f   Thumb Code     2  os_cpu_c.o(.text)
    OSTaskDelHook                            0x08004691   Thumb Code     2  os_cpu_c.o(.text)
    OSTaskIdleHook                           0x08004693   Thumb Code     2  os_cpu_c.o(.text)
    OSTaskStatHook                           0x08004695   Thumb Code     2  os_cpu_c.o(.text)
    OSTaskStkInit                            0x08004697   Thumb Code   482  os_cpu_c.o(.text)
    OSTaskSwHook                             0x08004879   Thumb Code     2  os_cpu_c.o(.text)
    OSTCBInitHook                            0x0800487b   Thumb Code     2  os_cpu_c.o(.text)
    OSTimeTickHook                           0x0800487d   Thumb Code     2  os_cpu_c.o(.text)
    SysTick_Handler                          0x0800487f   Thumb Code    44  os_cpu_c.o(.text)
    OS_CPU_SysTickInit                       0x080048ab   Thumb Code    86  os_cpu_c.o(.text)
    __aeabi_memcpy                           0x08004911   Thumb Code    36  memcpya.o(.text)
    __aeabi_memcpy4                          0x08004911   Thumb Code     0  memcpya.o(.text)
    __aeabi_memcpy8                          0x08004911   Thumb Code     0  memcpya.o(.text)
    __aeabi_dadd                             0x08004935   Thumb Code   322  dadd.o(.text)
    __aeabi_dsub                             0x08004a77   Thumb Code     6  dadd.o(.text)
    __aeabi_drsub                            0x08004a7d   Thumb Code     6  dadd.o(.text)
    __aeabi_dmul                             0x08004a83   Thumb Code   228  dmul.o(.text)
    __aeabi_ddiv                             0x08004b67   Thumb Code   222  ddiv.o(.text)
    __aeabi_i2d                              0x08004c45   Thumb Code    34  dflti.o(.text)
    __aeabi_f2d                              0x08004c67   Thumb Code    38  f2d.o(.text)
    __aeabi_d2f                              0x08004c8d   Thumb Code    56  d2f.o(.text)
    __aeabi_llsl                             0x08004cc5   Thumb Code    30  llshl.o(.text)
    _ll_shift_l                              0x08004cc5   Thumb Code     0  llshl.o(.text)
    __aeabi_llsr                             0x08004ce3   Thumb Code    32  llushr.o(.text)
    _ll_ushift_r                             0x08004ce3   Thumb Code     0  llushr.o(.text)
    __aeabi_lasr                             0x08004d03   Thumb Code    36  llsshr.o(.text)
    _ll_sshift_r                             0x08004d03   Thumb Code     0  llsshr.o(.text)
    __I$use$fp                               0x08004d27   Thumb Code     0  iusefp.o(.text)
    _float_round                             0x08004d27   Thumb Code    18  fepilogue.o(.text)
    _float_epilogue                          0x08004d39   Thumb Code    92  fepilogue.o(.text)
    _double_round                            0x08004d95   Thumb Code    30  depilogue.o(.text)
    _double_epilogue                         0x08004db3   Thumb Code   156  depilogue.o(.text)
    __scatterload                            0x08004e51   Thumb Code    28  init.o(.text)
    __scatterload_rt2                        0x08004e51   Thumb Code     0  init.o(.text)
    _dsqrt                                   0x08004e75   Thumb Code   162  dsqrt.o(.text)
    __ARM_fpclassify                         0x08004f17   Thumb Code    48  fpclassify.o(i.__ARM_fpclassify)
    __hardfp_asin                            0x08004f49   Thumb Code   770  asin.o(i.__hardfp_asin)
    __hardfp_atan                            0x080052a9   Thumb Code   622  atan.o(i.__hardfp_atan)
    __hardfp_atan2                           0x08005581   Thumb Code   432  atan2.o(i.__hardfp_atan2)
    __kernel_poly                            0x08005771   Thumb Code   248  poly.o(i.__kernel_poly)
    __mathlib_dbl_infnan                     0x08005869   Thumb Code    20  dunder.o(i.__mathlib_dbl_infnan)
    __mathlib_dbl_infnan2                    0x0800587d   Thumb Code    20  dunder.o(i.__mathlib_dbl_infnan2)
    __mathlib_dbl_invalid                    0x08005891   Thumb Code    24  dunder.o(i.__mathlib_dbl_invalid)
    __mathlib_dbl_underflow                  0x080058b1   Thumb Code    24  dunder.o(i.__mathlib_dbl_underflow)
    __scatterload_copy                       0x080058d1   Thumb Code    14  handlers.o(i.__scatterload_copy)
    __scatterload_null                       0x080058df   Thumb Code     2  handlers.o(i.__scatterload_null)
    __scatterload_zeroinit                   0x080058e1   Thumb Code    14  handlers.o(i.__scatterload_zeroinit)
    __set_errno                              0x080058f1   Thumb Code     6  errno.o(i.__set_errno)
    atan                                     0x080058fd   Thumb Code    16  atan.o(i.atan)
    fabs                                     0x0800590d   Thumb Code    24  fabs.o(i.fabs)
    sqrt                                     0x08005925   Thumb Code   110  sqrt.o(i.sqrt)
    OSUnMapTbl                               0x080059b8   Data         256  os_core.o(.constdata)
    __mathlib_zero                           0x08005ba0   Data           8  qnan.o(.constdata)
    Region$$Table$$Base                      0x08005ba8   Number         0  anon$$obj.o(Region$$Table)
    Region$$Table$$Limit                     0x08005bc8   Number         0  anon$$obj.o(Region$$Table)
    g_offset_raw                             0x20000000   Data           6  mpu6050.o(.data)
    a_offset_raw                             0x20000006   Data           6  mpu6050.o(.data)
    g_raw                                    0x2000000c   Data           6  mpu6050.o(.data)
    a_raw                                    0x20000012   Data           6  mpu6050.o(.data)
    SENSER_OFFSET_FLAG                       0x20000018   Data           1  mpu6050.o(.data)
    acc_update                               0x20000019   Data           1  mpu6050.o(.data)
    q0                                       0x2000001c   Data           4  mpu6050.o(.data)
    q1                                       0x20000020   Data           4  mpu6050.o(.data)
    q2                                       0x20000024   Data           4  mpu6050.o(.data)
    q3                                       0x20000028   Data           4  mpu6050.o(.data)
    exInt                                    0x2000002c   Data           4  mpu6050.o(.data)
    eyInt                                    0x20000030   Data           4  mpu6050.o(.data)
    ezInt                                    0x20000034   Data           4  mpu6050.o(.data)
    SystemCoreClock                          0x20000068   Data           4  system_stm32f4xx.o(.data)
    AHBPrescTable                            0x2000006c   Data          16  system_stm32f4xx.o(.data)
    OSCtxSwCtr                               0x2000007c   Data           4  os_core.o(.data)
    OSEventFreeList                          0x20000080   Data           4  os_core.o(.data)
    OSFlagFreeList                           0x20000084   Data           4  os_core.o(.data)
    OSCPUUsage                               0x20000088   Data           1  os_core.o(.data)
    OSIdleCtrMax                             0x2000008c   Data           4  os_core.o(.data)
    OSIdleCtrRun                             0x20000090   Data           4  os_core.o(.data)
    OSStatRdy                                0x20000094   Data           1  os_core.o(.data)
    OSIntNesting                             0x20000095   Data           1  os_core.o(.data)
    OSLockNesting                            0x20000096   Data           1  os_core.o(.data)
    OSPrioCur                                0x20000097   Data           1  os_core.o(.data)
    OSPrioHighRdy                            0x20000098   Data           1  os_core.o(.data)
    OSRdyGrp                                 0x20000099   Data           1  os_core.o(.data)
    OSRdyTbl                                 0x2000009a   Data           8  os_core.o(.data)
    OSRunning                                0x200000a2   Data           1  os_core.o(.data)
    OSTaskCtr                                0x200000a3   Data           1  os_core.o(.data)
    OSIdleCtr                                0x200000a4   Data           4  os_core.o(.data)
    OSTCBCur                                 0x200000a8   Data           4  os_core.o(.data)
    OSTCBFreeList                            0x200000ac   Data           4  os_core.o(.data)
    OSTCBHighRdy                             0x200000b0   Data           4  os_core.o(.data)
    OSTCBList                                0x200000b4   Data           4  os_core.o(.data)
    OSTickStepState                          0x200000b8   Data           1  os_core.o(.data)
    OSMemFreeList                            0x200000bc   Data           4  os_core.o(.data)
    OSQFreeList                              0x200000c0   Data           4  os_core.o(.data)
    OSTime                                   0x200000c4   Data           4  os_core.o(.data)
    tick_ms                                  0x200000c8   Data           4  os_cpu_c.o(.data)
    anglt_real                               0x200000e0   Data          12  mpu6050.o(.bss)
    g_rad                                    0x200000ec   Data          12  mpu6050.o(.bss)
    g_radold                                 0x200000f8   Data          12  mpu6050.o(.bss)
    a_filt                                   0x20000104   Data          12  mpu6050.o(.bss)
    a_filtold                                0x20000110   Data          12  mpu6050.o(.bss)
    g_filt                                   0x2000011c   Data          12  mpu6050.o(.bss)
    accb                                     0x20000128   Data          12  mpu6050.o(.bss)
    DCMgb                                    0x20000134   Data          36  mpu6050.o(.bss)
    OSEventTbl                               0x20000658   Data         300  os_core.o(.bss)
    OSFlagTbl                                0x20000784   Data          80  os_core.o(.bss)
    OSTaskStatStk                            0x200007d4   Data         512  os_core.o(.bss)
    OSTaskIdleStk                            0x200009d4   Data         512  os_core.o(.bss)
    OSTCBPrioTbl                             0x20000bd4   Data         256  os_core.o(.bss)
    OSTCBTbl                                 0x20000cd4   Data        5208  os_core.o(.bss)
    OSMemTbl                                 0x2000212c   Data         120  os_core.o(.bss)
    OSQTbl                                   0x200021a4   Data          96  os_core.o(.bss)
    __initial_sp                             0x20002608   Data           0  startup_stm32f4xx.o(STACK)



==============================================================================

Memory Map of the image

  Image Entry point : 0x08000189

  Load Region LR_IROM1 (Base: 0x08000000, Size: 0x00005c98, Max: 0x00100000, ABSOLUTE)

    Execution Region ER_IROM1 (Exec base: 0x08000000, Load base: 0x08000000, Size: 0x00005bc8, Max: 0x00100000, ABSOLUTE)

    Exec Addr    Load Addr    Size         Type   Attr      Idx    E Section Name        Object

    0x08000000   0x08000000   0x00000188   Data   RO         1295    RESET               startup_stm32f4xx.o
    0x08000188   0x08000188   0x00000000   Code   RO         1498  * .ARM.Collect$$$$00000000  mc_w.l(entry.o)
    0x08000188   0x08000188   0x00000004   Code   RO         1574    .ARM.Collect$$$$00000001  mc_w.l(entry2.o)
    0x0800018c   0x0800018c   0x00000004   Code   RO         1577    .ARM.Collect$$$$00000004  mc_w.l(entry5.o)
    0x08000190   0x08000190   0x00000000   Code   RO         1579    .ARM.Collect$$$$00000008  mc_w.l(entry7b.o)
    0x08000190   0x08000190   0x00000000   Code   RO         1581    .ARM.Collect$$$$0000000A  mc_w.l(entry8b.o)
    0x08000190   0x08000190   0x00000008   Code   RO         1582    .ARM.Collect$$$$0000000B  mc_w.l(entry9a.o)
    0x08000198   0x08000198   0x00000000   Code   RO         1584    .ARM.Collect$$$$0000000D  mc_w.l(entry10a.o)
    0x08000198   0x08000198   0x00000000   Code   RO         1586    .ARM.Collect$$$$0000000F  mc_w.l(entry11a.o)
    0x08000198   0x08000198   0x00000004   Code   RO         1575    .ARM.Collect$$$$00002712  mc_w.l(entry2.o)
    0x0800019c   0x0800019c   0x00000044   Code   RO          104    .text               delay.o
    0x080001e0   0x080001e0   0x0000000c   Code   RO          155    .text               main.o
    0x080001ec   0x080001ec   0x0000001e   Code   RO          214    .text               stm32f4xx_it.o
    0x0800020a   0x0800020a   0x00000002   PAD
    0x0800020c   0x0800020c   0x00000d40   Code   RO          241    .text               mpu6050.o
    0x08000f4c   0x08000f4c   0x00000250   Code   RO          373    .text               i2c.o
    0x0800119c   0x0800119c   0x000007e8   Code   RO          397    .text               filt.o
    0x08001984   0x08001984   0x00000038   Code   RO          423    .text               system.o
    0x080019bc   0x080019bc   0x0000025c   Code   RO          549    .text               stm32f4xx_gpio.o
    0x08001c18   0x08001c18   0x00000588   Code   RO          573    .text               stm32f4xx_rcc.o
    0x080021a0   0x080021a0   0x00000210   Code   RO         1256    .text               system_stm32f4xx.o
    0x080023b0   0x080023b0   0x00000024   Code   RO         1296    .text               startup_stm32f4xx.o
    0x080023d4   0x080023d4   0x000008c0   Code   RO         1300    .text               os_core.o
    0x08002c94   0x08002c94   0x0000080c   Code   RO         1320    .text               os_flag.o
    0x080034a0   0x080034a0   0x000001e4   Code   RO         1344    .text               os_mem.o
    0x08003684   0x08003684   0x000005e8   Code   RO         1368    .text               os_q.o
    0x08003c6c   0x08003c6c   0x000007c0   Code   RO         1392    .text               os_task.o
    0x0800442c   0x0800442c   0x000001ac   Code   RO         1404    .text               os_time.o
    0x080045d8   0x080045d8   0x000000b0   Code   RO         1422    .text               os_cpu_a.o
    0x08004688   0x08004688   0x00000288   Code   RO         1428    .text               os_cpu_c.o
    0x08004910   0x08004910   0x00000024   Code   RO         1501    .text               mc_w.l(memcpya.o)
    0x08004934   0x08004934   0x0000014e   Code   RO         1505    .text               mf_w.l(dadd.o)
    0x08004a82   0x08004a82   0x000000e4   Code   RO         1507    .text               mf_w.l(dmul.o)
    0x08004b66   0x08004b66   0x000000de   Code   RO         1509    .text               mf_w.l(ddiv.o)
    0x08004c44   0x08004c44   0x00000022   Code   RO         1513    .text               mf_w.l(dflti.o)
    0x08004c66   0x08004c66   0x00000026   Code   RO         1519    .text               mf_w.l(f2d.o)
    0x08004c8c   0x08004c8c   0x00000038   Code   RO         1521    .text               mf_w.l(d2f.o)
    0x08004cc4   0x08004cc4   0x0000001e   Code   RO         1588    .text               mc_w.l(llshl.o)
    0x08004ce2   0x08004ce2   0x00000020   Code   RO         1590    .text               mc_w.l(llushr.o)
    0x08004d02   0x08004d02   0x00000024   Code   RO         1592    .text               mc_w.l(llsshr.o)
    0x08004d26   0x08004d26   0x00000000   Code   RO         1601    .text               mc_w.l(iusefp.o)
    0x08004d26   0x08004d26   0x0000006e   Code   RO         1602    .text               mf_w.l(fepilogue.o)
    0x08004d94   0x08004d94   0x000000ba   Code   RO         1604    .text               mf_w.l(depilogue.o)
    0x08004e4e   0x08004e4e   0x00000002   PAD
    0x08004e50   0x08004e50   0x00000024   Code   RO         1606    .text               mc_w.l(init.o)
    0x08004e74   0x08004e74   0x000000a2   Code   RO         1608    .text               mf_w.l(dsqrt.o)
    0x08004f16   0x08004f16   0x00000030   Code   RO         1557    i.__ARM_fpclassify  m_wm.l(fpclassify.o)
    0x08004f46   0x08004f46   0x00000002   PAD
    0x08004f48   0x08004f48   0x00000360   Code   RO         1472    i.__hardfp_asin     m_wm.l(asin.o)
    0x080052a8   0x080052a8   0x000002d8   Code   RO         1523    i.__hardfp_atan     m_wm.l(atan.o)
    0x08005580   0x08005580   0x000001f0   Code   RO         1486    i.__hardfp_atan2    m_wm.l(atan2.o)
    0x08005770   0x08005770   0x000000f8   Code   RO         1559    i.__kernel_poly     m_wm.l(poly.o)
    0x08005868   0x08005868   0x00000014   Code   RO         1538    i.__mathlib_dbl_infnan  m_wm.l(dunder.o)
    0x0800587c   0x0800587c   0x00000014   Code   RO         1539    i.__mathlib_dbl_infnan2  m_wm.l(dunder.o)
    0x08005890   0x08005890   0x00000020   Code   RO         1540    i.__mathlib_dbl_invalid  m_wm.l(dunder.o)
    0x080058b0   0x080058b0   0x00000020   Code   RO         1543    i.__mathlib_dbl_underflow  m_wm.l(dunder.o)
    0x080058d0   0x080058d0   0x0000000e   Code   RO         1614    i.__scatterload_copy  mc_w.l(handlers.o)
    0x080058de   0x080058de   0x00000002   Code   RO         1615    i.__scatterload_null  mc_w.l(handlers.o)
    0x080058e0   0x080058e0   0x0000000e   Code   RO         1616    i.__scatterload_zeroinit  mc_w.l(handlers.o)
    0x080058ee   0x080058ee   0x00000002   PAD
    0x080058f0   0x080058f0   0x0000000c   Code   RO         1596    i.__set_errno       mc_w.l(errno.o)
    0x080058fc   0x080058fc   0x00000010   Code   RO         1525    i.atan              m_wm.l(atan.o)
    0x0800590c   0x0800590c   0x00000018   Code   RO         1553    i.fabs              m_wm.l(fabs.o)
    0x08005924   0x08005924   0x0000006e   Code   RO         1564    i.sqrt              m_wm.l(sqrt.o)
    0x08005992   0x08005992   0x00000002   PAD
    0x08005994   0x08005994   0x00000024   Data   RO          243    .constdata          mpu6050.o
    0x080059b8   0x080059b8   0x00000100   Data   RO         1302    .constdata          os_core.o
    0x08005ab8   0x08005ab8   0x00000050   Data   RO         1475    .constdata          m_wm.l(asin.o)
    0x08005b08   0x08005b08   0x00000098   Data   RO         1526    .constdata          m_wm.l(atan.o)
    0x08005ba0   0x08005ba0   0x00000008   Data   RO         1561    .constdata          m_wm.l(qnan.o)
    0x08005ba8   0x08005ba8   0x00000020   Data   RO         1612    Region$$Table       anon$$obj.o


    Execution Region RW_IRAM1 (Exec base: 0x20000000, Load base: 0x08005bc8, Size: 0x00002608, Max: 0x00020000, ABSOLUTE)

    Exec Addr    Load Addr    Size         Type   Attr      Idx    E Section Name        Object

    0x20000000   0x08005bc8   0x00000047   Data   RW          244    .data               mpu6050.o
    0x20000047   0x08005c0f   0x0000000e   Data   RW          399    .data               filt.o
    0x20000055   0x08005c1d   0x00000010   Data   RW          574    .data               stm32f4xx_rcc.o
    0x20000065   0x08005c2d   0x00000003   PAD
    0x20000068   0x08005c30   0x00000014   Data   RW         1257    .data               system_stm32f4xx.o
    0x2000007c   0x08005c44   0x0000004c   Data   RW         1303    .data               os_core.o
    0x200000c8   0x08005c90   0x00000004   Data   RW         1429    .data               os_cpu_c.o
    0x200000cc   0x08005c94   0x00000004   Data   RW         1597    .data               mc_w.l(errno.o)
    0x200000d0        -       0x00000088   Zero   RW          242    .bss                mpu6050.o
    0x20000158        -       0x00000500   Zero   RW          398    .bss                filt.o
    0x20000658        -       0x00001bac   Zero   RW         1301    .bss                os_core.o
    0x20002204   0x08005c98   0x00000004   PAD
    0x20002208        -       0x00000400   Zero   RW         1293    STACK               startup_stm32f4xx.o


==============================================================================

Image component sizes


      Code (inc. data)   RO Data    RW Data    ZI Data      Debug   Object Name

         0          0          0          0          0     226835   beep.o
        68          0          0          0          0        998   delay.o
      2024        130          0         14       1280       6647   filt.o
       592         12          0          0          0       2054   i2c.o
        12          0          0          0          0      13911   main.o
      3392        214         36         71        136       8569   mpu6050.o
      2240        216        256         76       7084      15586   os_core.o
       176         32          0          0          0        296   os_cpu_a.o
       648         16          0          4          0      41945   os_cpu_c.o
      2060         42          0          0          0       7176   os_flag.o
       484         16          0          0          0       3256   os_mem.o
      1512         30          0          0          0       5741   os_q.o
      1984         70          0          0          0       7857   os_task.o
       428         28          0          0          0       1858   os_time.o
        36          8        392          0       1024        828   startup_stm32f4xx.o
       604         36          0          0          0       4237   stm32f4xx_gpio.o
        30          0          0          0          0       1147   stm32f4xx_it.o
      1416         48          0         16          0      11167   stm32f4xx_rcc.o
        56         14          0          0          0        770   system.o
       528         46          0         20          0       1823   system_stm32f4xx.o

    ----------------------------------------------------------------------
     18292        958        716        204       9528     362701   Object Totals
         0          0         32          0          0          0   (incl. Generated)
         2          0          0          3          4          0   (incl. Padding)

    ----------------------------------------------------------------------

      Code (inc. data)   RO Data    RW Data    ZI Data      Debug   Library Member Name

       864         94         80          0          0        280   asin.o
       744        106        152          0          0        352   atan.o
       496         64          0          0          0        192   atan2.o
       104         16          0          0          0        496   dunder.o
        24          0          0          0          0        124   fabs.o
        48          0          0          0          0        124   fpclassify.o
       248          0          0          0          0        152   poly.o
         0          0          8          0          0          0   qnan.o
       110          0          0          0          0        148   sqrt.o
         0          0          0          0          0          0   entry.o
         0          0          0          0          0          0   entry10a.o
         0          0          0          0          0          0   entry11a.o
         8          4          0          0          0          0   entry2.o
         4          0          0          0          0          0   entry5.o
         0          0          0          0          0          0   entry7b.o
         0          0          0          0          0          0   entry8b.o
         8          4          0          0          0          0   entry9a.o
        12          6          0          4          0         68   errno.o
        30          0          0          0          0          0   handlers.o
        36          8          0          0          0         68   init.o
         0          0          0          0          0          0   iusefp.o
        30          0          0          0          0         68   llshl.o
        36          0          0          0          0         68   llsshr.o
        32          0          0          0          0         68   llushr.o
        36          0          0          0          0         68   memcpya.o
        56          0          0          0          0         88   d2f.o
       334          0          0          0          0        148   dadd.o
       222          0          0          0          0        100   ddiv.o
       186          0          0          0          0        176   depilogue.o
        34          0          0          0          0         76   dflti.o
       228          0          0          0          0         96   dmul.o
       162          0          0          0          0        100   dsqrt.o
        38          0          0          0          0         68   f2d.o
       110          0          0          0          0        168   fepilogue.o

    ----------------------------------------------------------------------
      4248        302        240          4          0       3296   Library Totals
         8          0          0          0          0          0   (incl. Padding)

    ----------------------------------------------------------------------

      Code (inc. data)   RO Data    RW Data    ZI Data      Debug   Library Name

      2638        280        240          0          0       1868   m_wm.l
       232         22          0          4          0        408   mc_w.l
      1370          0          0          0          0       1020   mf_w.l

    ----------------------------------------------------------------------
      4248        302        240          4          0       3296   Library Totals

    ----------------------------------------------------------------------

==============================================================================


      Code (inc. data)   RO Data    RW Data    ZI Data      Debug   

     22540       1260        956        208       9528     361077   Grand Totals
     22540       1260        956        208       9528     361077   ELF Image Totals
     22540       1260        956        208          0          0   ROM Totals

==============================================================================

    Total RO  Size (Code + RO Data)                23496 (  22.95kB)
    Total RW  Size (RW Data + ZI Data)              9736 (   9.51kB)
    Total ROM Size (Code + RO Data + RW Data)      23704 (  23.15kB)

==============================================================================

